Archive member included to satisfy reference by file (symbol)

C:/Program Files/STM32CubeIDE_1.19.0/STM32CubeIDE/plugins/com.st.stm32cube.ide.mcu.externaltools.gnu-tools-for-stm32.13.3.rel1.win32_1.0.0.202411081344/tools/bin/../lib/gcc/arm-none-eabi/13.3.1/../../../../arm-none-eabi/lib/thumb/v7e-m+fp/hard\libc_nano.a(libc_a-exit.o)
                              C:/Program Files/STM32CubeIDE_1.19.0/STM32CubeIDE/plugins/com.st.stm32cube.ide.mcu.externaltools.gnu-tools-for-stm32.13.3.rel1.win32_1.0.0.202411081344/tools/bin/../lib/gcc/arm-none-eabi/13.3.1/../../../../arm-none-eabi/lib/thumb/v7e-m+fp/hard/crt0.o (exit)
C:/Program Files/STM32CubeIDE_1.19.0/STM32CubeIDE/plugins/com.st.stm32cube.ide.mcu.externaltools.gnu-tools-for-stm32.13.3.rel1.win32_1.0.0.202411081344/tools/bin/../lib/gcc/arm-none-eabi/13.3.1/../../../../arm-none-eabi/lib/thumb/v7e-m+fp/hard\libc_nano.a(libc_a-nano-vfprintf_float.o)
                              (_printf_float)
C:/Program Files/STM32CubeIDE_1.19.0/STM32CubeIDE/plugins/com.st.stm32cube.ide.mcu.externaltools.gnu-tools-for-stm32.13.3.rel1.win32_1.0.0.202411081344/tools/bin/../lib/gcc/arm-none-eabi/13.3.1/../../../../arm-none-eabi/lib/thumb/v7e-m+fp/hard\libc_nano.a(libc_a-nano-vfprintf_i.o)
                              C:/Program Files/STM32CubeIDE_1.19.0/STM32CubeIDE/plugins/com.st.stm32cube.ide.mcu.externaltools.gnu-tools-for-stm32.13.3.rel1.win32_1.0.0.202411081344/tools/bin/../lib/gcc/arm-none-eabi/13.3.1/../../../../arm-none-eabi/lib/thumb/v7e-m+fp/hard\libc_nano.a(libc_a-nano-vfprintf_float.o) (_printf_common)
C:/Program Files/STM32CubeIDE_1.19.0/STM32CubeIDE/plugins/com.st.stm32cube.ide.mcu.externaltools.gnu-tools-for-stm32.13.3.rel1.win32_1.0.0.202411081344/tools/bin/../lib/gcc/arm-none-eabi/13.3.1/../../../../arm-none-eabi/lib/thumb/v7e-m+fp/hard\libc_nano.a(libc_a-findfp.o)
                              C:/Program Files/STM32CubeIDE_1.19.0/STM32CubeIDE/plugins/com.st.stm32cube.ide.mcu.externaltools.gnu-tools-for-stm32.13.3.rel1.win32_1.0.0.202411081344/tools/bin/../lib/gcc/arm-none-eabi/13.3.1/../../../../arm-none-eabi/lib/thumb/v7e-m+fp/hard\libc_nano.a(libc_a-exit.o) (__stdio_exit_handler)
C:/Program Files/STM32CubeIDE_1.19.0/STM32CubeIDE/plugins/com.st.stm32cube.ide.mcu.externaltools.gnu-tools-for-stm32.13.3.rel1.win32_1.0.0.202411081344/tools/bin/../lib/gcc/arm-none-eabi/13.3.1/../../../../arm-none-eabi/lib/thumb/v7e-m+fp/hard\libc_nano.a(libc_a-fwalk.o)
                              C:/Program Files/STM32CubeIDE_1.19.0/STM32CubeIDE/plugins/com.st.stm32cube.ide.mcu.externaltools.gnu-tools-for-stm32.13.3.rel1.win32_1.0.0.202411081344/tools/bin/../lib/gcc/arm-none-eabi/13.3.1/../../../../arm-none-eabi/lib/thumb/v7e-m+fp/hard\libc_nano.a(libc_a-findfp.o) (_fwalk_sglue)
C:/Program Files/STM32CubeIDE_1.19.0/STM32CubeIDE/plugins/com.st.stm32cube.ide.mcu.externaltools.gnu-tools-for-stm32.13.3.rel1.win32_1.0.0.202411081344/tools/bin/../lib/gcc/arm-none-eabi/13.3.1/../../../../arm-none-eabi/lib/thumb/v7e-m+fp/hard\libc_nano.a(libc_a-sprintf.o)
                              ./Core/Src/MPU.o (sprintf)
C:/Program Files/STM32CubeIDE_1.19.0/STM32CubeIDE/plugins/com.st.stm32cube.ide.mcu.externaltools.gnu-tools-for-stm32.13.3.rel1.win32_1.0.0.202411081344/tools/bin/../lib/gcc/arm-none-eabi/13.3.1/../../../../arm-none-eabi/lib/thumb/v7e-m+fp/hard\libc_nano.a(libc_a-stdio.o)
                              C:/Program Files/STM32CubeIDE_1.19.0/STM32CubeIDE/plugins/com.st.stm32cube.ide.mcu.externaltools.gnu-tools-for-stm32.13.3.rel1.win32_1.0.0.202411081344/tools/bin/../lib/gcc/arm-none-eabi/13.3.1/../../../../arm-none-eabi/lib/thumb/v7e-m+fp/hard\libc_nano.a(libc_a-findfp.o) (__sread)
C:/Program Files/STM32CubeIDE_1.19.0/STM32CubeIDE/plugins/com.st.stm32cube.ide.mcu.externaltools.gnu-tools-for-stm32.13.3.rel1.win32_1.0.0.202411081344/tools/bin/../lib/gcc/arm-none-eabi/13.3.1/../../../../arm-none-eabi/lib/thumb/v7e-m+fp/hard\libc_nano.a(libc_a-memset.o)
                              C:/Program Files/STM32CubeIDE_1.19.0/STM32CubeIDE/plugins/com.st.stm32cube.ide.mcu.externaltools.gnu-tools-for-stm32.13.3.rel1.win32_1.0.0.202411081344/tools/bin/../lib/gcc/arm-none-eabi/13.3.1/../../../../arm-none-eabi/lib/thumb/v7e-m+fp/hard/crt0.o (memset)
C:/Program Files/STM32CubeIDE_1.19.0/STM32CubeIDE/plugins/com.st.stm32cube.ide.mcu.externaltools.gnu-tools-for-stm32.13.3.rel1.win32_1.0.0.202411081344/tools/bin/../lib/gcc/arm-none-eabi/13.3.1/../../../../arm-none-eabi/lib/thumb/v7e-m+fp/hard\libc_nano.a(libc_a-localeconv.o)
                              C:/Program Files/STM32CubeIDE_1.19.0/STM32CubeIDE/plugins/com.st.stm32cube.ide.mcu.externaltools.gnu-tools-for-stm32.13.3.rel1.win32_1.0.0.202411081344/tools/bin/../lib/gcc/arm-none-eabi/13.3.1/../../../../arm-none-eabi/lib/thumb/v7e-m+fp/hard\libc_nano.a(libc_a-nano-vfprintf_float.o) (_localeconv_r)
[...]
Memory Configuration

Name             Origin             Length             Attributes
CCMRAM           0x10000000         0x00010000         xrw
RAM              0x20000000         0x00020000         xrw
FLASH            0x08000000         0x00080000         xr
*default*        0x00000000         0xffffffff

Linker script and memory map

LOAD C:/Program Files/STM32CubeIDE_1.19.0/STM32CubeIDE/plugins/com.st.stm32cube.ide.mcu.externaltools.gnu-tools-for-stm32.13.3.rel1.win32_1.0.0.202411081344/tools/bin/../lib/gcc/arm-none-eabi/13.3.1/thumb/v7e-m+fp/hard/crti.o
LOAD C:/Program Files/STM32CubeIDE_1.19.0/STM32CubeIDE/plugins/com.st.stm32cube.ide.mcu.externaltools.gnu-tools-for-stm32.13.3.rel1.win32_1.0.0.202411081344/tools/bin/../lib/gcc/arm-none-eabi/13.3.1/thumb/v7e-m+fp/hard/crtbegin.o
LOAD C:/Program Files/STM32CubeIDE_1.19.0/STM32CubeIDE/plugins/com.st.stm32cube.ide.mcu.externaltools.gnu-tools-for-stm32.13.3.rel1.win32_1.0.0.202411081344/tools/bin/../lib/gcc/arm-none-eabi/13.3.1/../../../../arm-none-eabi/lib/thumb/v7e-m+fp/hard/crt0.o
LOAD ./Core/Src/DCMotor.o
LOAD ./Core/Src/MPU.o
LOAD ./Core/Src/PID.o
LOAD ./Core/Src/kalman.o
LOAD ./Core/Src/main.o
LOAD ./Core/Src/stm32f4xx_hal_msp.o
LOAD ./Core/Src/stm32f4xx_hal_timebase_tim.o
LOAD ./Core/Src/stm32f4xx_it.o
LOAD ./Core/Src/syscalls.o
LOAD ./Core/Src/sysmem.o
LOAD ./Core/Src/system_stm32f4xx.o
LOAD ./Core/Startup/startup_stm32f407vetx.o
LOAD ./Drivers/STM32F4xx_HAL_Driver/Src/stm32f4xx_hal.o
LOAD ./Drivers/STM32F4xx_HAL_Driver/Src/stm32f4xx_hal_cortex.o
LOAD ./Drivers/STM32F4xx_HAL_Driver/Src/stm32f4xx_hal_dma.o
LOAD ./Drivers/STM32F4xx_HAL_Driver/Src/stm32f4xx_hal_dma_ex.o
LOAD ./Drivers/STM32F4xx_HAL_Driver/Src/stm32f4xx_hal_exti.o
LOAD ./Drivers/STM32F4xx_HAL_Driver/Src/stm32f4xx_hal_flash.o
LOAD ./Drivers/STM32F4xx_HAL_Driver/Src/stm32f4xx_hal_flash_ex.o
LOAD ./Drivers/STM32F4xx_HAL_Driver/Src/stm32f4xx_hal_flash_ramfunc.o
LOAD ./Drivers/STM32F4xx_HAL_Driver/Src/stm32f4xx_hal_gpio.o
LOAD ./Drivers/STM32F4xx_HAL_Driver/Src/stm32f4xx_hal_i2c.o
LOAD ./Drivers/STM32F4xx_HAL_Driver/Src/stm32f4xx_hal_i2c_ex.o
LOAD ./Drivers/STM32F4xx_HAL_Driver/Src/stm32f4xx_hal_pcd.o
LOAD ./Drivers/STM32F4xx_HAL_Driver/Src/stm32f4xx_hal_pcd_ex.o
LOAD ./Drivers/STM32F4xx_HAL_Driver/Src/stm32f4xx_hal_pwr.o
LOAD ./Drivers/STM32F4xx_HAL_Driver/Src/stm32f4xx_hal_pwr_ex.o
LOAD ./Drivers/STM32F4xx_HAL_Driver/Src/stm32f4xx_hal_rcc.o
LOAD ./Drivers/STM32F4xx_HAL_Driver/Src/stm32f4xx_hal_rcc_ex.o
LOAD ./Drivers/STM32F4xx_HAL_Driver/Src/stm32f4xx_hal_tim.o
LOAD ./Drivers/STM32F4xx_HAL_Driver/Src/stm32f4xx_hal_tim_ex.o
LOAD ./Drivers/STM32F4xx_HAL_Driver/Src/stm32f4xx_hal_uart.o
LOAD ./Drivers/STM32F4xx_HAL_Driver/Src/stm32f4xx_ll_usb.o
LOAD ./Middlewares/ST/STM32_USB_Device_Library/Class/CDC/Src/usbd_cdc.o
LOAD ./Middlewares/ST/STM32_USB_Device_Library/Core/Src/usbd_core.o
LOAD ./Middlewares/ST/STM32_USB_Device_Library/Core/Src/usbd_ctlreq.o
LOAD ./Middlewares/ST/STM32_USB_Device_Library/Core/Src/usbd_ioreq.o
LOAD ./USB_DEVICE/App/usb_device.o
LOAD ./USB_DEVICE/App/usbd_cdc_if.o
LOAD ./USB_DEVICE/App/usbd_desc.o
LOAD ./USB_DEVICE/Target/usbd_conf.o
START GROUP
LOAD C:/Program Files/STM32CubeIDE_1.19.0/STM32CubeIDE/plugins/com.st.stm32cube.ide.mcu.externaltools.gnu-tools-for-stm32.13.3.rel1.win32_1.0.0.202411081344/tools/bin/../lib/gcc/arm-none-eabi/13.3.1/../../../../arm-none-eabi/lib/thumb/v7e-m+fp/hard\libc_nano.a
LOAD C:/Program Files/STM32CubeIDE_1.19.0/STM32CubeIDE/plugins/com.st.stm32cube.ide.mcu.externaltools.gnu-tools-for-stm32.13.3.rel1.win32_1.0.0.202411081344/tools/bin/../lib/gcc/arm-none-eabi/13.3.1/../../../../arm-none-eabi/lib/thumb/v7e-m+fp/hard\libm.a
END GROUP
START GROUP
LOAD C:/Program Files/STM32CubeIDE_1.19.0/STM32CubeIDE/plugins/com.st.stm32cube.ide.mcu.externaltools.gnu-tools-for-stm32.13.3.rel1.win32_1.0.0.202411081344/tools/bin/../lib/gcc/arm-none-eabi/13.3.1/thumb/v7e-m+fp/hard\libgcc.a
LOAD C:/Program Files/STM32CubeIDE_1.19.0/STM32CubeIDE/plugins/com.st.stm32cube.ide.mcu.externaltools.gnu-tools-for-stm32.13.3.rel1.win32_1.0.0.202411081344/tools/bin/../lib/gcc/arm-none-eabi/13.3.1/../../../../arm-none-eabi/lib/thumb/v7e-m+fp/hard\libc_nano.a
END GROUP
START GROUP
LOAD C:/Program Files/STM32CubeIDE_1.19.0/STM32CubeIDE/plugins/com.st.stm32cube.ide.mcu.externaltools.gnu-tools-for-stm32.13.3.rel1.win32_1.0.0.202411081344/tools/bin/../lib/gcc/arm-none-eabi/13.3.1/thumb/v7e-m+fp/hard\libgcc.a
LOAD C:/Program Files/STM32CubeIDE_1.19.0/STM32CubeIDE/plugins/com.st.stm32cube.ide.mcu.externaltools.gnu-tools-for-stm32.13.3.rel1.win32_1.0.0.202411081344/tools/bin/../lib/gcc/arm-none-eabi/13.3.1/../../../../arm-none-eabi/lib/thumb/v7e-m+fp/hard\libc_nano.a
LOAD C:/Program Files/STM32CubeIDE_1.19.0/STM32CubeIDE/plugins/com.st.stm32cube.ide.mcu.externaltools.gnu-tools-for-stm32.13.3.rel1.win32_1.0.0.202411081344/tools/bin/../lib/gcc/arm-none-eabi/13.3.1/../../../../arm-none-eabi/lib/thumb/v7e-m+fp/hard\libnosys.a
END GROUP
START GROUP
LOAD C:/Program Files/STM32CubeIDE_1.19.0/STM32CubeIDE/plugins/com.st.stm32cube.ide.mcu.externaltools.gnu-tools-for-stm32.13.3.rel1.win32_1.0.0.202411081344/tools/bin/../lib/gcc/arm-none-eabi/13.3.1/thumb/v7e-m+fp/hard\libgcc.a
LOAD C:/Program Files/STM32CubeIDE_1.19.0/STM32CubeIDE/plugins/com.st.stm32cube.ide.mcu.externaltools.gnu-tools-for-stm32.13.3.rel1.win32_1.0.0.202411081344/tools/bin/../lib/gcc/arm-none-eabi/13.3.1/../../../../arm-none-eabi/lib/thumb/v7e-m+fp/hard\libc_nano.a
LOAD C:/Program Files/STM32CubeIDE_1.19.0/STM32CubeIDE/plugins/com.st.stm32cube.ide.mcu.externaltools.gnu-tools-for-stm32.13.3.rel1.win32_1.0.0.202411081344/tools/bin/../lib/gcc/arm-none-eabi/13.3.1/../../../../arm-none-eabi/lib/thumb/v7e-m+fp/hard\libnosys.a
END GROUP
LOAD C:/Program Files/STM32CubeIDE_1.19.0/STM32CubeIDE/plugins/com.st.stm32cube.ide.mcu.externaltools.gnu-tools-for-stm32.13.3.rel1.win32_1.0.0.202411081344/tools/bin/../lib/gcc/arm-none-eabi/13.3.1/thumb/v7e-m+fp/hard/crtend.o
LOAD C:/Program Files/STM32CubeIDE_1.19.0/STM32CubeIDE/plugins/com.st.stm32cube.ide.mcu.externaltools.gnu-tools-for-stm32.13.3.rel1.win32_1.0.0.202411081344/tools/bin/../lib/gcc/arm-none-eabi/13.3.1/thumb/v7e-m+fp/hard/crtn.o
                0x20020000                        _estack = (ORIGIN (RAM) + LENGTH (RAM))
                0x00000200                        _Min_Heap_Size = 0x200
                0x00000400                        _Min_Stack_Size = 0x400

.isr_vector     0x08000000      0x188
                0x08000000                        . = ALIGN (0x4)
 *(.isr_vector)
 .isr_vector    0x08000000      0x188 ./Core/Startup/startup_stm32f407vetx.o
                0x08000000                g_pfnVectors
                0x08000188                        . = ALIGN (0x4)

.text           0x08000190     0xffc0
                0x08000190                        . = ALIGN (0x4)
 *(.text)
 .text          0x08000190       0x40 C:/Program Files/STM32CubeIDE_1.19.0/STM32CubeIDE/plugins/com.st.stm32cube.ide.mcu.externaltools.gnu-tools-for-stm32.13.3.rel1.win32_1.0.0.202411081344/tools/bin/../lib/gcc/arm-none-eabi/13.3.1/thumb/v7e-m+fp/hard/crtbegin.o
 .text          0x080001d0       0xa0 C:/Program Files/STM32CubeIDE_1.19.0/STM32CubeIDE/plugins/com.st.stm32cube.ide.mcu.externaltools.gnu-tools-for-stm32.13.3.rel1.win32_1.0.0.202411081344/tools/bin/../lib/gcc/arm-none-eabi/13.3.1/../../../../arm-none-eabi/lib/thumb/v7e-m+fp/hard\libc_nano.a(libc_a-memchr.o)
                0x080001d0                memchr
 .text          0x08000270       0x10 C:/Program Files/STM32CubeIDE_1.19.0/STM32CubeIDE/plugins/com.st.stm32cube.ide.mcu.externaltools.gnu-tools-for-stm32.13.3.rel1.win32_1.0.0.202411081344/tools/bin/../lib/gcc/arm-none-eabi/13.3.1/../../../../arm-none-eabi/lib/thumb/v7e-m+fp/hard\libc_nano.a(libc_a-strlen.o)
                0x08000270                strlen
 .text          0x08000280      0x378 C:/Program Files/STM32CubeIDE_1.19.0/STM32CubeIDE/plugins/com.st.stm32cube.ide.mcu.externaltools.gnu-tools-for-stm32.13.3.rel1.win32_1.0.0.202411081344/tools/bin/../lib/gcc/arm-none-eabi/13.3.1/thumb/v7e-m+fp/hard\libgcc.a(_arm_addsubdf3.o)
                0x08000280                __aeabi_drsub
                0x08000288                __aeabi_dsub
                0x08000288                __subdf3
                0x0800028c                __aeabi_dadd
                0x0800028c                __adddf3
                0x08000504                __floatunsidf
                0x08000504                __aeabi_ui2d
                0x08000524                __floatsidf
                0x08000524                __aeabi_i2d
                0x08000548                __aeabi_f2d
                0x08000548                __extendsfdf2
                0x0800058c                __floatundidf
                0x0800058c                __aeabi_ul2d
                0x0800059c                __floatdidf
                0x0800059c                __aeabi_l2d
 .text          0x080005f8      0x424 C:/Program Files/STM32CubeIDE_1.19.0/STM32CubeIDE/plugins/com.st.stm32cube.ide.mcu.externaltools.gnu-tools-for-stm32.13.3.rel1.win32_1.0.0.202411081344/tools/bin/../lib/gcc/arm-none-eabi/13.3.1/thumb/v7e-m+fp/hard\libgcc.a(_arm_muldivdf3.o)
                0x080005f8                __aeabi_dmul
                0x080005f8                __muldf3
                0x0800084c                __divdf3
                0x0800084c                __aeabi_ddiv
 .text          0x08000a1c      0x110 C:/Program Files/STM32CubeIDE_1.19.0/STM32CubeIDE/plugins/com.st.stm32cube.ide.mcu.externaltools.gnu-tools-for-stm32.13.3.rel1.win32_1.0.0.202411081344/tools/bin/../lib/gcc/arm-none-eabi/13.3.1/thumb/v7e-m+fp/hard\libgcc.a(_arm_cmpdf2.o)
                0x08000a1c                __gtdf2
                0x08000a1c                __gedf2
                0x08000a24                __ltdf2
                0x08000a24                __ledf2
                0x08000a2c                __nedf2
                0x08000a2c                __eqdf2
                0x08000a2c                __cmpdf2
                0x08000aa8                __aeabi_cdrcmple
                0x08000ab8                __aeabi_cdcmpeq
                0x08000ab8                __aeabi_cdcmple
                0x08000ac8                __aeabi_dcmpeq
                0x08000adc                __aeabi_dcmplt
                0x08000af0                __aeabi_dcmple
                0x08000b04                __aeabi_dcmpge
                0x08000b18                __aeabi_dcmpgt
 .text          0x08000b2c       0x2c C:/Program Files/STM32CubeIDE_1.19.0/STM32CubeIDE/plugins/com.st.stm32cube.ide.mcu.externaltools.gnu-tools-for-stm32.13.3.rel1.win32_1.0.0.202411081344/tools/bin/../lib/gcc/arm-none-eabi/13.3.1/thumb/v7e-m+fp/hard\libgcc.a(_arm_unorddf2.o)
                0x08000b2c                __unorddf2
                0x08000b2c                __aeabi_dcmpun
 .text          0x08000b58       0x50 C:/Program Files/STM32CubeIDE_1.19.0/STM32CubeIDE/plugins/com.st.stm32cube.ide.mcu.externaltools.gnu-tools-for-stm32.13.3.rel1.win32_1.0.0.202411081344/tools/bin/../lib/gcc/arm-none-eabi/13.3.1/thumb/v7e-m+fp/hard\libgcc.a(_arm_fixdfsi.o)
                0x08000b58                __aeabi_d2iz
                0x08000b58                __fixdfsi
 .text          0x08000ba8       0xa0 C:/Program Files/STM32CubeIDE_1.19.0/STM32CubeIDE/plugins/com.st.stm32cube.ide.mcu.externaltools.gnu-tools-for-stm32.13.3.rel1.win32_1.0.0.202411081344/tools/bin/../lib/gcc/arm-none-eabi/13.3.1/thumb/v7e-m+fp/hard\libgcc.a(_arm_truncdfsf2.o)
                0x08000ba8                __truncdfsf2
                0x08000ba8                __aeabi_d2f
 .text          0x08000c48       0x30 C:/Program Files/STM32CubeIDE_1.19.0/STM32CubeIDE/plugins/com.st.stm32cube.ide.mcu.externaltools.gnu-tools-for-stm32.13.3.rel1.win32_1.0.0.202411081344/tools/bin/../lib/gcc/arm-none-eabi/13.3.1/thumb/v7e-m+fp/hard\libgcc.a(_aeabi_uldivmod.o)
                0x08000c48                __aeabi_uldivmod
 .text          0x08000c78      0x2f8 C:/Program Files/STM32CubeIDE_1.19.0/STM32CubeIDE/plugins/com.st.stm32cube.ide.mcu.externaltools.gnu-tools-for-stm32.13.3.rel1.win32_1.0.0.202411081344/tools/bin/../lib/gcc/arm-none-eabi/13.3.1/thumb/v7e-m+fp/hard\libgcc.a(_udivmoddi4.o)
                0x08000c78                __udivmoddi4
 .text          0x08000f70        0x4 C:/Program Files/STM32CubeIDE_1.19.0/STM32CubeIDE/plugins/com.st.stm32cube.ide.mcu.externaltools.gnu-tools-for-stm32.13.3.rel1.win32_1.0.0.202411081344/tools/bin/../lib/gcc/arm-none-eabi/13.3.1/thumb/v7e-m+fp/hard\libgcc.a(_dvmd_tls.o)
                0x08000f70                __aeabi_idiv0
                0x08000f70                __aeabi_ldiv0
 *(.text*)
 .text.DCMotor_Init
                0x08000f74       0x52 ./Core/Src/DCMotor.o
                0x08000f74                DCMotor_Init
 *fill*         0x08000fc6        0x2 
 .text.DCMotor_Set_Speed
                0x08000fc8       0x78 ./Core/Src/DCMotor.o
                0x08000fc8                DCMotor_Set_Speed
 .text.DCMotor_Run
                0x08001040       0x84 ./Core/Src/DCMotor.o
                0x08001040                DCMotor_Run
 .text.DCMotor_CalculateSpeed
                0x080010c4       0x5c ./Core/Src/DCMotor.o
                0x080010c4                DCMotor_CalculateSpeed
 .text.MPU6050_Process_Angle
                0x08001120      0x270 ./Core/Src/MPU.o
                0x08001120                MPU6050_Process_Angle
 .text.MPU6050_Init
                0x08001390       0xf8 ./Core/Src/MPU.o
                0x08001390                MPU6050_Init
 .text.MPU6050_Read_Data
                0x08001488      0x448 ./Core/Src/MPU.o
                0x08001488                MPU6050_Read_Data
 .text.PID_Init
                0x080018d0       0x78 ./Core/Src/PID.o
                0x080018d0                PID_Init
 .text.PID_Calculate
                0x08001948      0x100 ./Core/Src/PID.o
                0x08001948                PID_Calculate
 .text.USB_CDC_RxHandler
                0x08001a48       0x16 ./Core/Src/main.o
                0x08001a48                USB_CDC_RxHandler
 *fill*         0x08001a5e        0x2 
 .text.HAL_GPIO_EXTI_Callback
                0x08001a60       0x74 ./Core/Src/main.o
                0x08001a60                HAL_GPIO_EXTI_Callback
 .text.HAL_UART_RxCpltCallback
                0x08001ad4      0x13c ./Core/Src/main.o
                0x08001ad4                HAL_UART_RxCpltCallback
 .text.CalculateAngle
                0x08001c10       0x8c ./Core/Src/main.o
                0x08001c10                CalculateAngle
 .text.Balance  0x08001c9c      0x1dc ./Core/Src/main.o
                0x08001c9c                Balance
 .text.main     0x08001e78      0x664 ./Core/Src/main.o
                0x08001e78                main
 .text.SystemClock_Config
                0x080024dc       0xd4 ./Core/Src/main.o
                0x080024dc                SystemClock_Config
 .text.MX_I2C1_Init
                0x080025b0       0x5c ./Core/Src/main.o
 .text.MX_TIM2_Init
                0x0800260c       0x98 ./Core/Src/main.o
 .text.MX_TIM3_Init
                0x080026a4       0xec ./Core/Src/main.o
 .text.MX_TIM4_Init
                0x08002790       0xec ./Core/Src/main.o
 .text.MX_USART3_UART_Init
                0x0800287c       0x54 ./Core/Src/main.o
 .text.MX_DMA_Init
                0x080028d0       0x40 ./Core/Src/main.o
 .text.MX_GPIO_Init
                0x08002910      0x1b8 ./Core/Src/main.o
 .text.HAL_TIM_PeriodElapsedCallback
                0x08002ac8       0x54 ./Core/Src/main.o
                0x08002ac8                HAL_TIM_PeriodElapsedCallback
 .text.Error_Handler
                0x08002b1c        0xc ./Core/Src/main.o
                0x08002b1c                Error_Handler
 .text.HAL_MspInit
                0x08002b28       0x50 ./Core/Src/stm32f4xx_hal_msp.o
                0x08002b28                HAL_MspInit
 .text.HAL_I2C_MspInit
                0x08002b78       0xf4 ./Core/Src/stm32f4xx_hal_msp.o
                0x08002b78                HAL_I2C_MspInit
 .text.HAL_TIM_Base_MspInit
                0x08002c6c       0xa4 ./Core/Src/stm32f4xx_hal_msp.o
                0x08002c6c                HAL_TIM_Base_MspInit
 .text.HAL_TIM_MspPostInit
                0x08002d10       0xc4 ./Core/Src/stm32f4xx_hal_msp.o
                0x08002d10                HAL_TIM_MspPostInit
 .text.HAL_UART_MspInit
                0x08002dd4       0xa0 ./Core/Src/stm32f4xx_hal_msp.o
                0x08002dd4                HAL_UART_MspInit
 .text.HAL_InitTick
                0x08002e74       0xe8 ./Core/Src/stm32f4xx_hal_timebase_tim.o
                0x08002e74                HAL_InitTick
 .text.NMI_Handler
                0x08002f5c        0x8 ./Core/Src/stm32f4xx_it.o
                0x08002f5c                NMI_Handler
 .text.HardFault_Handler
                0x08002f64        0x8 ./Core/Src/stm32f4xx_it.o
                0x08002f64                HardFault_Handler
 .text.MemManage_Handler
                0x08002f6c        0x8 ./Core/Src/stm32f4xx_it.o
                0x08002f6c                MemManage_Handler
 .text.BusFault_Handler
                0x08002f74        0x8 ./Core/Src/stm32f4xx_it.o
                0x08002f74                BusFault_Handler
 .text.UsageFault_Handler
                0x08002f7c        0x8 ./Core/Src/stm32f4xx_it.o
                0x08002f7c                UsageFault_Handler
 .text.SVC_Handler
                0x08002f84        0xe ./Core/Src/stm32f4xx_it.o
                0x08002f84                SVC_Handler
 .text.DebugMon_Handler
                0x08002f92        0xe ./Core/Src/stm32f4xx_it.o
                0x08002f92                DebugMon_Handler
 .text.PendSV_Handler
                0x08002fa0        0xe ./Core/Src/stm32f4xx_it.o
                0x08002fa0                PendSV_Handler
 .text.SysTick_Handler
                0x08002fae        0xe ./Core/Src/stm32f4xx_it.o
                0x08002fae                SysTick_Handler
 .text.EXTI1_IRQHandler
                0x08002fbc        0xe ./Core/Src/stm32f4xx_it.o
                0x08002fbc                EXTI1_IRQHandler
 *fill*         0x08002fca        0x2 
 .text.DMA1_Stream0_IRQHandler
                0x08002fcc       0x14 ./Core/Src/stm32f4xx_it.o
                0x08002fcc                DMA1_Stream0_IRQHandler
 .text.TIM1_UP_TIM10_IRQHandler
                0x08002fe0       0x14 ./Core/Src/stm32f4xx_it.o
                0x08002fe0                TIM1_UP_TIM10_IRQHandler
 .text.TIM2_IRQHandler
                0x08002ff4       0x14 ./Core/Src/stm32f4xx_it.o
                0x08002ff4                TIM2_IRQHandler
 .text.USART3_IRQHandler
                0x08003008       0x14 ./Core/Src/stm32f4xx_it.o
                0x08003008                USART3_IRQHandler
 .text.EXTI15_10_IRQHandler
                0x0800301c       0x10 ./Core/Src/stm32f4xx_it.o
                0x0800301c                EXTI15_10_IRQHandler
 .text.OTG_FS_IRQHandler
                0x0800302c       0x14 ./Core/Src/stm32f4xx_it.o
                0x0800302c                OTG_FS_IRQHandler
 .text._getpid  0x08003040       0x10 ./Core/Src/syscalls.o
                0x08003040                _getpid
 .text._kill    0x08003050       0x20 ./Core/Src/syscalls.o
                0x08003050                _kill
 .text._exit    0x08003070       0x16 ./Core/Src/syscalls.o
                0x08003070                _exit
 .text._read    0x08003086       0x3a ./Core/Src/syscalls.o
                0x08003086                _read
 .text._write   0x080030c0       0x38 ./Core/Src/syscalls.o
                0x080030c0                _write
 .text._close   0x080030f8       0x18 ./Core/Src/syscalls.o
                0x080030f8                _close
 .text._fstat   0x08003110       0x20 ./Core/Src/syscalls.o
                0x08003110                _fstat
 .text._isatty  0x08003130       0x16 ./Core/Src/syscalls.o
                0x08003130                _isatty
 .text._lseek   0x08003146       0x1a ./Core/Src/syscalls.o
                0x08003146                _lseek
 .text._sbrk    0x08003160       0x6c ./Core/Src/sysmem.o
                0x08003160                _sbrk
 .text.SystemInit
                0x080031cc       0x24 ./Core/Src/system_stm32f4xx.o
                0x080031cc                SystemInit
 .text.Reset_Handler
                0x080031f0       0x50 ./Core/Startup/startup_stm32f407vetx.o
                0x080031f0                Reset_Handler
 .text.Default_Handler
                0x08003240        0x2 ./Core/Startup/startup_stm32f407vetx.o
                0x08003240                RTC_Alarm_IRQHandler
                0x08003240                HASH_RNG_IRQHandler
                0x08003240                EXTI2_IRQHandler
                0x08003240                TIM8_CC_IRQHandler
                0x08003240                TIM1_CC_IRQHandler
                0x08003240                DMA2_Stream5_IRQHandler
                0x08003240                DMA1_Stream5_IRQHandler
                0x08003240                PVD_IRQHandler
                0x08003240                SDIO_IRQHandler
                0x08003240                TAMP_STAMP_IRQHandler
                0x08003240                CAN2_RX1_IRQHandler
                0x08003240                EXTI3_IRQHandler
                0x08003240                TIM8_TRG_COM_TIM14_IRQHandler
                0x08003240                TIM8_UP_TIM13_IRQHandler
                0x08003240                I2C3_ER_IRQHandler
                0x08003240                EXTI0_IRQHandler
                0x08003240                I2C2_EV_IRQHandler
                0x08003240                DMA1_Stream2_IRQHandler
                0x08003240                CAN1_RX0_IRQHandler
                0x08003240                FPU_IRQHandler
                0x08003240                OTG_HS_WKUP_IRQHandler
                0x08003240                CAN2_SCE_IRQHandler
                0x08003240                DMA2_Stream2_IRQHandler
                0x08003240                SPI1_IRQHandler
                0x08003240                TIM6_DAC_IRQHandler
                0x08003240                TIM1_BRK_TIM9_IRQHandler
                0x08003240                DCMI_IRQHandler
                0x08003240                CAN2_RX0_IRQHandler
                0x08003240                DMA2_Stream3_IRQHandler
                0x08003240                USART6_IRQHandler
                0x08003240                CAN1_RX1_IRQHandler
                0x08003240                UART5_IRQHandler
                0x08003240                DMA2_Stream0_IRQHandler
                0x08003240                TIM4_IRQHandler
                0x08003240                I2C1_EV_IRQHandler
                0x08003240                DMA1_Stream6_IRQHandler
                0x08003240                DMA1_Stream1_IRQHandler
                0x08003240                UART4_IRQHandler
                0x08003240                TIM3_IRQHandler
                0x08003240                RCC_IRQHandler
                0x08003240                TIM8_BRK_TIM12_IRQHandler
                0x08003240                Default_Handler
                0x08003240                ADC_IRQHandler
                0x08003240                DMA1_Stream7_IRQHandler
                0x08003240                TIM7_IRQHandler
                0x08003240                CAN2_TX_IRQHandler
                0x08003240                TIM5_IRQHandler
                0x08003240                DMA2_Stream7_IRQHandler
                0x08003240                I2C3_EV_IRQHandler
                0x08003240                EXTI9_5_IRQHandler
                0x08003240                RTC_WKUP_IRQHandler
                0x08003240                ETH_WKUP_IRQHandler
                0x08003240                SPI2_IRQHandler
                0x08003240                OTG_HS_EP1_IN_IRQHandler
                0x08003240                CAN1_TX_IRQHandler
                0x08003240                EXTI4_IRQHandler
                0x08003240                FSMC_IRQHandler
                0x08003240                ETH_IRQHandler
                0x08003240                OTG_HS_EP1_OUT_IRQHandler
                0x08003240                WWDG_IRQHandler
                0x08003240                OTG_FS_WKUP_IRQHandler
                0x08003240                TIM1_TRG_COM_TIM11_IRQHandler
                0x08003240                OTG_HS_IRQHandler
                0x08003240                USART2_IRQHandler
                0x08003240                I2C2_ER_IRQHandler
                0x08003240                DMA2_Stream1_IRQHandler
                0x08003240                CAN1_SCE_IRQHandler
                0x08003240                FLASH_IRQHandler
                0x08003240                DMA2_Stream4_IRQHandler
                0x08003240                USART1_IRQHandler
                0x08003240                SPI3_IRQHandler
                0x08003240                DMA1_Stream4_IRQHandler
                0x08003240                I2C1_ER_IRQHandler
                0x08003240                DMA2_Stream6_IRQHandler
                0x08003240                DMA1_Stream3_IRQHandler
 *fill*         0x08003242        0x2 
 .text.HAL_Init
                0x08003244       0x44 ./Drivers/STM32F4xx_HAL_Driver/Src/stm32f4xx_hal.o
                0x08003244                HAL_Init
 .text.HAL_IncTick
                0x08003288       0x28 ./Drivers/STM32F4xx_HAL_Driver/Src/stm32f4xx_hal.o
                0x08003288                HAL_IncTick
 .text.HAL_GetTick
                0x080032b0       0x18 ./Drivers/STM32F4xx_HAL_Driver/Src/stm32f4xx_hal.o
                0x080032b0                HAL_GetTick
 .text.HAL_Delay
                0x080032c8       0x48 ./Drivers/STM32F4xx_HAL_Driver/Src/stm32f4xx_hal.o
                0x080032c8                HAL_Delay
 .text.__NVIC_SetPriorityGrouping
                0x08003310       0x48 ./Drivers/STM32F4xx_HAL_Driver/Src/stm32f4xx_hal_cortex.o
 .text.__NVIC_GetPriorityGrouping
                0x08003358       0x1c ./Drivers/STM32F4xx_HAL_Driver/Src/stm32f4xx_hal_cortex.o
 .text.__NVIC_EnableIRQ
                0x08003374       0x3c ./Drivers/STM32F4xx_HAL_Driver/Src/stm32f4xx_hal_cortex.o
 .text.__NVIC_SetPriority
                0x080033b0       0x54 ./Drivers/STM32F4xx_HAL_Driver/Src/stm32f4xx_hal_cortex.o
 .text.NVIC_EncodePriority
                0x08003404       0x66 ./Drivers/STM32F4xx_HAL_Driver/Src/stm32f4xx_hal_cortex.o
 .text.HAL_NVIC_SetPriorityGrouping
                0x0800346a       0x16 ./Drivers/STM32F4xx_HAL_Driver/Src/stm32f4xx_hal_cortex.o
                0x0800346a                HAL_NVIC_SetPriorityGrouping
 .text.HAL_NVIC_SetPriority
                0x08003480       0x38 ./Drivers/STM32F4xx_HAL_Driver/Src/stm32f4xx_hal_cortex.o
                0x08003480                HAL_NVIC_SetPriority
 .text.HAL_NVIC_EnableIRQ
                0x080034b8       0x1c ./Drivers/STM32F4xx_HAL_Driver/Src/stm32f4xx_hal_cortex.o
                0x080034b8                HAL_NVIC_EnableIRQ
 .text.HAL_DMA_Init
                0x080034d4      0x15c ./Drivers/STM32F4xx_HAL_Driver/Src/stm32f4xx_hal_dma.o
                0x080034d4                HAL_DMA_Init
 .text.HAL_DMA_Abort
                0x08003630       0xe0 ./Drivers/STM32F4xx_HAL_Driver/Src/stm32f4xx_hal_dma.o
                0x08003630                HAL_DMA_Abort
 .text.HAL_DMA_Abort_IT
                0x08003710       0x44 ./Drivers/STM32F4xx_HAL_Driver/Src/stm32f4xx_hal_dma.o
                0x08003710                HAL_DMA_Abort_IT
 .text.HAL_DMA_IRQHandler
                0x08003754      0x314 ./Drivers/STM32F4xx_HAL_Driver/Src/stm32f4xx_hal_dma.o
                0x08003754                HAL_DMA_IRQHandler
 .text.DMA_CalcBaseAndBitshift
                0x08003a68       0x6c ./Drivers/STM32F4xx_HAL_Driver/Src/stm32f4xx_hal_dma.o
 .text.DMA_CheckFifoParam
                0x08003ad4       0xf8 ./Drivers/STM32F4xx_HAL_Driver/Src/stm32f4xx_hal_dma.o
 .text.HAL_GPIO_Init
                0x08003bcc      0x338 ./Drivers/STM32F4xx_HAL_Driver/Src/stm32f4xx_hal_gpio.o
                0x08003bcc                HAL_GPIO_Init
 .text.HAL_GPIO_ReadPin
                0x08003f04       0x30 ./Drivers/STM32F4xx_HAL_Driver/Src/stm32f4xx_hal_gpio.o
                0x08003f04                HAL_GPIO_ReadPin
 .text.HAL_GPIO_WritePin
                0x08003f34       0x32 ./Drivers/STM32F4xx_HAL_Driver/Src/stm32f4xx_hal_gpio.o
                0x08003f34                HAL_GPIO_WritePin
 *fill*         0x08003f66        0x2 
 .text.HAL_GPIO_EXTI_IRQHandler
                0x08003f68       0x30 ./Drivers/STM32F4xx_HAL_Driver/Src/stm32f4xx_hal_gpio.o
                0x08003f68                HAL_GPIO_EXTI_IRQHandler
 .text.HAL_I2C_Init
                0x08003f98      0x288 ./Drivers/STM32F4xx_HAL_Driver/Src/stm32f4xx_hal_i2c.o
                0x08003f98                HAL_I2C_Init
 .text.HAL_I2C_Mem_Write
                0x08004220      0x1f4 ./Drivers/STM32F4xx_HAL_Driver/Src/stm32f4xx_hal_i2c.o
                0x08004220                HAL_I2C_Mem_Write
 .text.HAL_I2C_Mem_Read
                0x08004414      0x464 ./Drivers/STM32F4xx_HAL_Driver/Src/stm32f4xx_hal_i2c.o
                0x08004414                HAL_I2C_Mem_Read
 .text.I2C_RequestMemoryWrite
                0x08004878      0x12c ./Drivers/STM32F4xx_HAL_Driver/Src/stm32f4xx_hal_i2c.o
 .text.I2C_RequestMemoryRead
                0x080049a4      0x1d0 ./Drivers/STM32F4xx_HAL_Driver/Src/stm32f4xx_hal_i2c.o
 .text.I2C_WaitOnFlagUntilTimeout
                0x08004b74       0xf4 ./Drivers/STM32F4xx_HAL_Driver/Src/stm32f4xx_hal_i2c.o
 .text.I2C_WaitOnMasterAddressFlagUntilTimeout
                0x08004c68      0x140 ./Drivers/STM32F4xx_HAL_Driver/Src/stm32f4xx_hal_i2c.o
 .text.I2C_WaitOnTXEFlagUntilTimeout
                0x08004da8       0x90 ./Drivers/STM32F4xx_HAL_Driver/Src/stm32f4xx_hal_i2c.o
 .text.I2C_WaitOnBTFFlagUntilTimeout
                0x08004e38       0x90 ./Drivers/STM32F4xx_HAL_Driver/Src/stm32f4xx_hal_i2c.o
 .text.I2C_WaitOnRXNEFlagUntilTimeout
                0x08004ec8       0xba ./Drivers/STM32F4xx_HAL_Driver/Src/stm32f4xx_hal_i2c.o
 .text.I2C_IsAcknowledgeFailed
                0x08004f82       0x5e ./Drivers/STM32F4xx_HAL_Driver/Src/stm32f4xx_hal_i2c.o
 .text.HAL_PCD_Init
                0x08004fe0      0x21e ./Drivers/STM32F4xx_HAL_Driver/Src/stm32f4xx_hal_pcd.o
                0x08004fe0                HAL_PCD_Init
 .text.HAL_PCD_Start
                0x080051fe       0x6a ./Drivers/STM32F4xx_HAL_Driver/Src/stm32f4xx_hal_pcd.o
                0x080051fe                HAL_PCD_Start
 .text.HAL_PCD_IRQHandler
                0x08005268      0x942 ./Drivers/STM32F4xx_HAL_Driver/Src/stm32f4xx_hal_pcd.o
                0x08005268                HAL_PCD_IRQHandler
 .text.HAL_PCD_SetAddress
                0x08005baa       0x48 ./Drivers/STM32F4xx_HAL_Driver/Src/stm32f4xx_hal_pcd.o
                0x08005baa                HAL_PCD_SetAddress
 .text.HAL_PCD_EP_Open
                0x08005bf2       0xd4 ./Drivers/STM32F4xx_HAL_Driver/Src/stm32f4xx_hal_pcd.o
                0x08005bf2                HAL_PCD_EP_Open
 .text.HAL_PCD_EP_Close
                0x08005cc6       0x94 ./Drivers/STM32F4xx_HAL_Driver/Src/stm32f4xx_hal_pcd.o
                0x08005cc6                HAL_PCD_EP_Close
 .text.HAL_PCD_EP_Receive
                0x08005d5a       0x76 ./Drivers/STM32F4xx_HAL_Driver/Src/stm32f4xx_hal_pcd.o
                0x08005d5a                HAL_PCD_EP_Receive
 .text.HAL_PCD_EP_GetRxCount
                0x08005dd0       0x30 ./Drivers/STM32F4xx_HAL_Driver/Src/stm32f4xx_hal_pcd.o
                0x08005dd0                HAL_PCD_EP_GetRxCount
 .text.HAL_PCD_EP_Transmit
                0x08005e00       0x74 ./Drivers/STM32F4xx_HAL_Driver/Src/stm32f4xx_hal_pcd.o
                0x08005e00                HAL_PCD_EP_Transmit
 .text.HAL_PCD_EP_SetStall
                0x08005e74       0xc6 ./Drivers/STM32F4xx_HAL_Driver/Src/stm32f4xx_hal_pcd.o
                0x08005e74                HAL_PCD_EP_SetStall
 .text.HAL_PCD_EP_ClrStall
                0x08005f3a       0xac ./Drivers/STM32F4xx_HAL_Driver/Src/stm32f4xx_hal_pcd.o
                0x08005f3a                HAL_PCD_EP_ClrStall
 .text.HAL_PCD_EP_Abort
                0x08005fe6       0x62 ./Drivers/STM32F4xx_HAL_Driver/Src/stm32f4xx_hal_pcd.o
                0x08005fe6                HAL_PCD_EP_Abort
 .text.PCD_WriteEmptyTxFifo
                0x08006048      0x118 ./Drivers/STM32F4xx_HAL_Driver/Src/stm32f4xx_hal_pcd.o
 .text.PCD_EP_OutXfrComplete_int
                0x08006160      0x1d0 ./Drivers/STM32F4xx_HAL_Driver/Src/stm32f4xx_hal_pcd.o
 .text.PCD_EP_OutSetupPacket_int
                0x08006330       0x8c ./Drivers/STM32F4xx_HAL_Driver/Src/stm32f4xx_hal_pcd.o
 .text.HAL_PCDEx_SetTxFiFo
                0x080063bc       0x8e ./Drivers/STM32F4xx_HAL_Driver/Src/stm32f4xx_hal_pcd_ex.o
                0x080063bc                HAL_PCDEx_SetTxFiFo
 .text.HAL_PCDEx_SetRxFiFo
                0x0800644a       0x22 ./Drivers/STM32F4xx_HAL_Driver/Src/stm32f4xx_hal_pcd_ex.o
                0x0800644a                HAL_PCDEx_SetRxFiFo
 .text.HAL_PCDEx_LPM_Callback
                0x0800646c       0x18 ./Drivers/STM32F4xx_HAL_Driver/Src/stm32f4xx_hal_pcd_ex.o
                0x0800646c                HAL_PCDEx_LPM_Callback
 .text.HAL_RCC_OscConfig
                0x08006484      0x4f0 ./Drivers/STM32F4xx_HAL_Driver/Src/stm32f4xx_hal_rcc.o
                0x08006484                HAL_RCC_OscConfig
 .text.HAL_RCC_ClockConfig
                0x08006974      0x1cc ./Drivers/STM32F4xx_HAL_Driver/Src/stm32f4xx_hal_rcc.o
                0x08006974                HAL_RCC_ClockConfig
 .text.HAL_RCC_GetSysClockFreq
                0x08006b40      0x18c ./Drivers/STM32F4xx_HAL_Driver/Src/stm32f4xx_hal_rcc.o
                0x08006b40                HAL_RCC_GetSysClockFreq
 .text.HAL_RCC_GetHCLKFreq
                0x08006ccc       0x18 ./Drivers/STM32F4xx_HAL_Driver/Src/stm32f4xx_hal_rcc.o
                0x08006ccc                HAL_RCC_GetHCLKFreq
 .text.HAL_RCC_GetPCLK1Freq
                0x08006ce4       0x28 ./Drivers/STM32F4xx_HAL_Driver/Src/stm32f4xx_hal_rcc.o
                0x08006ce4                HAL_RCC_GetPCLK1Freq
 .text.HAL_RCC_GetPCLK2Freq
                0x08006d0c       0x28 ./Drivers/STM32F4xx_HAL_Driver/Src/stm32f4xx_hal_rcc.o
                0x08006d0c                HAL_RCC_GetPCLK2Freq
 .text.HAL_RCC_GetClockConfig
                0x08006d34       0x64 ./Drivers/STM32F4xx_HAL_Driver/Src/stm32f4xx_hal_rcc.o
                0x08006d34                HAL_RCC_GetClockConfig
 .text.HAL_TIM_Base_Init
                0x08006d98       0x9e ./Drivers/STM32F4xx_HAL_Driver/Src/stm32f4xx_hal_tim.o
                0x08006d98                HAL_TIM_Base_Init
 *fill*         0x08006e36        0x2 
 .text.HAL_TIM_Base_Start_IT
                0x08006e38       0xe0 ./Drivers/STM32F4xx_HAL_Driver/Src/stm32f4xx_hal_tim.o
                0x08006e38                HAL_TIM_Base_Start_IT
 .text.HAL_TIM_PWM_Init
                0x08006f18       0x9e ./Drivers/STM32F4xx_HAL_Driver/Src/stm32f4xx_hal_tim.o
                0x08006f18                HAL_TIM_PWM_Init
 .text.HAL_TIM_PWM_MspInit
                0x08006fb6       0x14 ./Drivers/STM32F4xx_HAL_Driver/Src/stm32f4xx_hal_tim.o
                0x08006fb6                HAL_TIM_PWM_MspInit
 *fill*         0x08006fca        0x2 
 .text.HAL_TIM_PWM_Start
                0x08006fcc      0x190 ./Drivers/STM32F4xx_HAL_Driver/Src/stm32f4xx_hal_tim.o
                0x08006fcc                HAL_TIM_PWM_Start
 .text.HAL_TIM_IRQHandler
                0x0800715c      0x1e0 ./Drivers/STM32F4xx_HAL_Driver/Src/stm32f4xx_hal_tim.o
                0x0800715c                HAL_TIM_IRQHandler
 .text.HAL_TIM_PWM_ConfigChannel
                0x0800733c      0x184 ./Drivers/STM32F4xx_HAL_Driver/Src/stm32f4xx_hal_tim.o
                0x0800733c                HAL_TIM_PWM_ConfigChannel
 .text.HAL_TIM_ConfigClockSource
                0x080074c0      0x18e ./Drivers/STM32F4xx_HAL_Driver/Src/stm32f4xx_hal_tim.o
                0x080074c0                HAL_TIM_ConfigClockSource
 .text.HAL_TIM_OC_DelayElapsedCallback
                0x0800764e       0x14 ./Drivers/STM32F4xx_HAL_Driver/Src/stm32f4xx_hal_tim.o
                0x0800764e                HAL_TIM_OC_DelayElapsedCallback
 .text.HAL_TIM_IC_CaptureCallback
                0x08007662       0x14 ./Drivers/STM32F4xx_HAL_Driver/Src/stm32f4xx_hal_tim.o
                0x08007662                HAL_TIM_IC_CaptureCallback
 .text.HAL_TIM_PWM_PulseFinishedCallback
                0x08007676       0x14 ./Drivers/STM32F4xx_HAL_Driver/Src/stm32f4xx_hal_tim.o
                0x08007676                HAL_TIM_PWM_PulseFinishedCallback
 .text.HAL_TIM_TriggerCallback
                0x0800768a       0x14 ./Drivers/STM32F4xx_HAL_Driver/Src/stm32f4xx_hal_tim.o
                0x0800768a                HAL_TIM_TriggerCallback
 *fill*         0x0800769e        0x2 
 .text.TIM_Base_SetConfig
                0x080076a0      0x14c ./Drivers/STM32F4xx_HAL_Driver/Src/stm32f4xx_hal_tim.o
                0x080076a0                TIM_Base_SetConfig
 .text.TIM_OC1_SetConfig
                0x080077ec       0xe0 ./Drivers/STM32F4xx_HAL_Driver/Src/stm32f4xx_hal_tim.o
 .text.TIM_OC2_SetConfig
                0x080078cc       0xec ./Drivers/STM32F4xx_HAL_Driver/Src/stm32f4xx_hal_tim.o
                0x080078cc                TIM_OC2_SetConfig
 .text.TIM_OC3_SetConfig
                0x080079b8       0xe8 ./Drivers/STM32F4xx_HAL_Driver/Src/stm32f4xx_hal_tim.o
 .text.TIM_OC4_SetConfig
                0x08007aa0       0xac ./Drivers/STM32F4xx_HAL_Driver/Src/stm32f4xx_hal_tim.o
 .text.TIM_TI1_ConfigInputStage
                0x08007b4c       0x5e ./Drivers/STM32F4xx_HAL_Driver/Src/stm32f4xx_hal_tim.o
 .text.TIM_TI2_ConfigInputStage
                0x08007baa       0x60 ./Drivers/STM32F4xx_HAL_Driver/Src/stm32f4xx_hal_tim.o
 .text.TIM_ITRx_SetConfig
                0x08007c0a       0x36 ./Drivers/STM32F4xx_HAL_Driver/Src/stm32f4xx_hal_tim.o
 .text.TIM_ETR_SetConfig
                0x08007c40       0x40 ./Drivers/STM32F4xx_HAL_Driver/Src/stm32f4xx_hal_tim.o
                0x08007c40                TIM_ETR_SetConfig
 .text.TIM_CCxChannelCmd
                0x08007c80       0x4a ./Drivers/STM32F4xx_HAL_Driver/Src/stm32f4xx_hal_tim.o
                0x08007c80                TIM_CCxChannelCmd
 *fill*         0x08007cca        0x2 
 .text.HAL_TIMEx_MasterConfigSynchronization
                0x08007ccc       0xf8 ./Drivers/STM32F4xx_HAL_Driver/Src/stm32f4xx_hal_tim_ex.o
                0x08007ccc                HAL_TIMEx_MasterConfigSynchronization
 .text.HAL_TIMEx_CommutCallback
                0x08007dc4       0x14 ./Drivers/STM32F4xx_HAL_Driver/Src/stm32f4xx_hal_tim_ex.o
                0x08007dc4                HAL_TIMEx_CommutCallback
 .text.HAL_TIMEx_BreakCallback
                0x08007dd8       0x14 ./Drivers/STM32F4xx_HAL_Driver/Src/stm32f4xx_hal_tim_ex.o
                0x08007dd8                HAL_TIMEx_BreakCallback
 .text.HAL_UART_Init
                0x08007dec       0xa0 ./Drivers/STM32F4xx_HAL_Driver/Src/stm32f4xx_hal_uart.o
                0x08007dec                HAL_UART_Init
 .text.HAL_UART_Receive_IT
                0x08007e8c       0x4a ./Drivers/STM32F4xx_HAL_Driver/Src/stm32f4xx_hal_uart.o
                0x08007e8c                HAL_UART_Receive_IT
 *fill*         0x08007ed6        0x2 
 .text.HAL_UART_IRQHandler
                0x08007ed8      0x554 ./Drivers/STM32F4xx_HAL_Driver/Src/stm32f4xx_hal_uart.o
                0x08007ed8                HAL_UART_IRQHandler
 .text.HAL_UART_TxCpltCallback
                0x0800842c       0x14 ./Drivers/STM32F4xx_HAL_Driver/Src/stm32f4xx_hal_uart.o
                0x0800842c                HAL_UART_TxCpltCallback
 .text.HAL_UART_ErrorCallback
                0x08008440       0x14 ./Drivers/STM32F4xx_HAL_Driver/Src/stm32f4xx_hal_uart.o
                0x08008440                HAL_UART_ErrorCallback
 .text.HAL_UARTEx_RxEventCallback
                0x08008454       0x18 ./Drivers/STM32F4xx_HAL_Driver/Src/stm32f4xx_hal_uart.o
                0x08008454                HAL_UARTEx_RxEventCallback
 .text.UART_Start_Receive_IT
                0x0800846c       0x74 ./Drivers/STM32F4xx_HAL_Driver/Src/stm32f4xx_hal_uart.o
                0x0800846c                UART_Start_Receive_IT
 .text.UART_EndRxTransfer
                0x080084e0       0xc6 ./Drivers/STM32F4xx_HAL_Driver/Src/stm32f4xx_hal_uart.o
 .text.UART_DMAAbortOnError
                0x080085a6       0x22 ./Drivers/STM32F4xx_HAL_Driver/Src/stm32f4xx_hal_uart.o
 .text.UART_Transmit_IT
                0x080085c8       0xa0 ./Drivers/STM32F4xx_HAL_Driver/Src/stm32f4xx_hal_uart.o
 .text.UART_EndTransmit_IT
                0x08008668       0x30 ./Drivers/STM32F4xx_HAL_Driver/Src/stm32f4xx_hal_uart.o
 .text.UART_Receive_IT
                0x08008698      0x17c ./Drivers/STM32F4xx_HAL_Driver/Src/stm32f4xx_hal_uart.o
 .text.UART_SetConfig
                0x08008814      0x4e8 ./Drivers/STM32F4xx_HAL_Driver/Src/stm32f4xx_hal_uart.o
 .text.USB_CoreInit
                0x08008cfc       0xc8 ./Drivers/STM32F4xx_HAL_Driver/Src/stm32f4xx_ll_usb.o
                0x08008cfc                USB_CoreInit
 .text.USB_SetTurnaroundTime
                0x08008dc4      0x144 ./Drivers/STM32F4xx_HAL_Driver/Src/stm32f4xx_ll_usb.o
                0x08008dc4                USB_SetTurnaroundTime
 .text.USB_EnableGlobalInt
                0x08008f08       0x22 ./Drivers/STM32F4xx_HAL_Driver/Src/stm32f4xx_ll_usb.o
                0x08008f08                USB_EnableGlobalInt
 .text.USB_DisableGlobalInt
                0x08008f2a       0x22 ./Drivers/STM32F4xx_HAL_Driver/Src/stm32f4xx_ll_usb.o
                0x08008f2a                USB_DisableGlobalInt
 .text.USB_SetCurrentMode
                0x08008f4c       0x98 ./Drivers/STM32F4xx_HAL_Driver/Src/stm32f4xx_ll_usb.o
                0x08008f4c                USB_SetCurrentMode
 .text.USB_DevInit
                0x08008fe4      0x2c8 ./Drivers/STM32F4xx_HAL_Driver/Src/stm32f4xx_ll_usb.o
                0x08008fe4                USB_DevInit
 .text.USB_FlushTxFifo
                0x080092ac       0x64 ./Drivers/STM32F4xx_HAL_Driver/Src/stm32f4xx_ll_usb.o
                0x080092ac                USB_FlushTxFifo
 .text.USB_FlushRxFifo
                0x08009310       0x5c ./Drivers/STM32F4xx_HAL_Driver/Src/stm32f4xx_ll_usb.o
                0x08009310                USB_FlushRxFifo
 .text.USB_SetDevSpeed
                0x0800936c       0x32 ./Drivers/STM32F4xx_HAL_Driver/Src/stm32f4xx_ll_usb.o
                0x0800936c                USB_SetDevSpeed
 .text.USB_GetDevSpeed
                0x0800939e       0x4a ./Drivers/STM32F4xx_HAL_Driver/Src/stm32f4xx_ll_usb.o
                0x0800939e                USB_GetDevSpeed
 .text.USB_ActivateEndpoint
                0x080093e8      0x10e ./Drivers/STM32F4xx_HAL_Driver/Src/stm32f4xx_ll_usb.o
                0x080093e8                USB_ActivateEndpoint
 *fill*         0x080094f6        0x2 
 .text.USB_DeactivateEndpoint
                0x080094f8      0x1b8 ./Drivers/STM32F4xx_HAL_Driver/Src/stm32f4xx_ll_usb.o
                0x080094f8                USB_DeactivateEndpoint
 .text.USB_EPStartXfer
                0x080096b0      0x53c ./Drivers/STM32F4xx_HAL_Driver/Src/stm32f4xx_ll_usb.o
                0x080096b0                USB_EPStartXfer
 .text.USB_EPStopXfer
                0x08009bec      0x154 ./Drivers/STM32F4xx_HAL_Driver/Src/stm32f4xx_ll_usb.o
                0x08009bec                USB_EPStopXfer
 .text.USB_WritePacket
                0x08009d40       0x7c ./Drivers/STM32F4xx_HAL_Driver/Src/stm32f4xx_ll_usb.o
                0x08009d40                USB_WritePacket
 .text.USB_ReadPacket
                0x08009dbc       0xb0 ./Drivers/STM32F4xx_HAL_Driver/Src/stm32f4xx_ll_usb.o
                0x08009dbc                USB_ReadPacket
 .text.USB_EPSetStall
                0x08009e6c       0xdc ./Drivers/STM32F4xx_HAL_Driver/Src/stm32f4xx_ll_usb.o
                0x08009e6c                USB_EPSetStall
 .text.USB_EPClearStall
                0x08009f48       0xcc ./Drivers/STM32F4xx_HAL_Driver/Src/stm32f4xx_ll_usb.o
                0x08009f48                USB_EPClearStall
 .text.USB_SetDevAddress
                0x0800a014       0x4c ./Drivers/STM32F4xx_HAL_Driver/Src/stm32f4xx_ll_usb.o
                0x0800a014                USB_SetDevAddress
 .text.USB_DevConnect
                0x0800a060       0x42 ./Drivers/STM32F4xx_HAL_Driver/Src/stm32f4xx_ll_usb.o
                0x0800a060                USB_DevConnect
 .text.USB_DevDisconnect
                0x0800a0a2       0x42 ./Drivers/STM32F4xx_HAL_Driver/Src/stm32f4xx_ll_usb.o
                0x0800a0a2                USB_DevDisconnect
 .text.USB_ReadInterrupts
                0x0800a0e4       0x26 ./Drivers/STM32F4xx_HAL_Driver/Src/stm32f4xx_ll_usb.o
                0x0800a0e4                USB_ReadInterrupts
 .text.USB_ReadDevAllOutEpInterrupt
                0x0800a10a       0x34 ./Drivers/STM32F4xx_HAL_Driver/Src/stm32f4xx_ll_usb.o
                0x0800a10a                USB_ReadDevAllOutEpInterrupt
 .text.USB_ReadDevAllInEpInterrupt
                0x0800a13e       0x34 ./Drivers/STM32F4xx_HAL_Driver/Src/stm32f4xx_ll_usb.o
                0x0800a13e                USB_ReadDevAllInEpInterrupt
 .text.USB_ReadDevOutEPInterrupt
                0x0800a172       0x3c ./Drivers/STM32F4xx_HAL_Driver/Src/stm32f4xx_ll_usb.o
                0x0800a172                USB_ReadDevOutEPInterrupt
 .text.USB_ReadDevInEPInterrupt
                0x0800a1ae       0x5c ./Drivers/STM32F4xx_HAL_Driver/Src/stm32f4xx_ll_usb.o
                0x0800a1ae                USB_ReadDevInEPInterrupt
 .text.USB_GetMode
                0x0800a20a       0x1c ./Drivers/STM32F4xx_HAL_Driver/Src/stm32f4xx_ll_usb.o
                0x0800a20a                USB_GetMode
 .text.USB_ActivateSetup
                0x0800a226       0x46 ./Drivers/STM32F4xx_HAL_Driver/Src/stm32f4xx_ll_usb.o
                0x0800a226                USB_ActivateSetup
 .text.USB_EP0_OutStart
                0x0800a26c       0xbc ./Drivers/STM32F4xx_HAL_Driver/Src/stm32f4xx_ll_usb.o
                0x0800a26c                USB_EP0_OutStart
 .text.USB_CoreReset
                0x0800a328       0x70 ./Drivers/STM32F4xx_HAL_Driver/Src/stm32f4xx_ll_usb.o
 .text.USBD_CDC_Init
                0x0800a398      0x1f0 ./Middlewares/ST/STM32_USB_Device_Library/Class/CDC/Src/usbd_cdc.o
 .text.USBD_CDC_DeInit
                0x0800a588      0x104 ./Middlewares/ST/STM32_USB_Device_Library/Class/CDC/Src/usbd_cdc.o
 .text.USBD_CDC_Setup
                0x0800a68c      0x1b8 ./Middlewares/ST/STM32_USB_Device_Library/Class/CDC/Src/usbd_cdc.o
 .text.USBD_CDC_DataIn
                0x0800a844       0xfe ./Middlewares/ST/STM32_USB_Device_Library/Class/CDC/Src/usbd_cdc.o
 .text.USBD_CDC_DataOut
                0x0800a942       0x70 ./Middlewares/ST/STM32_USB_Device_Library/Class/CDC/Src/usbd_cdc.o
 .text.USBD_CDC_EP0_RxReady
                0x0800a9b2       0x74 ./Middlewares/ST/STM32_USB_Device_Library/Class/CDC/Src/usbd_cdc.o
 *fill*         0x0800aa26        0x2 
 .text.USBD_CDC_GetFSCfgDesc
                0x0800aa28       0x70 ./Middlewares/ST/STM32_USB_Device_Library/Class/CDC/Src/usbd_cdc.o
 .text.USBD_CDC_GetHSCfgDesc
                0x0800aa98       0x70 ./Middlewares/ST/STM32_USB_Device_Library/Class/CDC/Src/usbd_cdc.o
 .text.USBD_CDC_GetOtherSpeedCfgDesc
                0x0800ab08       0x70 ./Middlewares/ST/STM32_USB_Device_Library/Class/CDC/Src/usbd_cdc.o
 .text.USBD_CDC_GetDeviceQualifierDescriptor
                0x0800ab78       0x20 ./Middlewares/ST/STM32_USB_Device_Library/Class/CDC/Src/usbd_cdc.o
                0x0800ab78                USBD_CDC_GetDeviceQualifierDescriptor
 .text.USBD_CDC_RegisterInterface
                0x0800ab98       0x34 ./Middlewares/ST/STM32_USB_Device_Library/Class/CDC/Src/usbd_cdc.o
                0x0800ab98                USBD_CDC_RegisterInterface
 .text.USBD_CDC_SetTxBuffer
                0x0800abcc       0x44 ./Middlewares/ST/STM32_USB_Device_Library/Class/CDC/Src/usbd_cdc.o
                0x0800abcc                USBD_CDC_SetTxBuffer
 .text.USBD_CDC_SetRxBuffer
                0x0800ac10       0x3a ./Middlewares/ST/STM32_USB_Device_Library/Class/CDC/Src/usbd_cdc.o
                0x0800ac10                USBD_CDC_SetRxBuffer
 *fill*         0x0800ac4a        0x2 
 .text.USBD_CDC_TransmitPacket
                0x0800ac4c       0x80 ./Middlewares/ST/STM32_USB_Device_Library/Class/CDC/Src/usbd_cdc.o
                0x0800ac4c                USBD_CDC_TransmitPacket
 .text.USBD_CDC_ReceivePacket
                0x0800accc       0x6c ./Middlewares/ST/STM32_USB_Device_Library/Class/CDC/Src/usbd_cdc.o
                0x0800accc                USBD_CDC_ReceivePacket
 .text.USBD_Init
                0x0800ad38       0x60 ./Middlewares/ST/STM32_USB_Device_Library/Core/Src/usbd_core.o
                0x0800ad38                USBD_Init
 .text.USBD_RegisterClass
                0x0800ad98       0x6c ./Middlewares/ST/STM32_USB_Device_Library/Core/Src/usbd_core.o
                0x0800ad98                USBD_RegisterClass
 .text.USBD_Start
                0x0800ae04       0x18 ./Middlewares/ST/STM32_USB_Device_Library/Core/Src/usbd_core.o
                0x0800ae04                USBD_Start
 .text.USBD_RunTestMode
                0x0800ae1c       0x16 ./Middlewares/ST/STM32_USB_Device_Library/Core/Src/usbd_core.o
                0x0800ae1c                USBD_RunTestMode
 .text.USBD_SetClassConfig
                0x0800ae32       0x38 ./Middlewares/ST/STM32_USB_Device_Library/Core/Src/usbd_core.o
                0x0800ae32                USBD_SetClassConfig
 .text.USBD_ClrClassConfig
                0x0800ae6a       0x34 ./Middlewares/ST/STM32_USB_Device_Library/Core/Src/usbd_core.o
                0x0800ae6a                USBD_ClrClassConfig
 .text.USBD_LL_SetupStage
                0x0800ae9e       0xaa ./Middlewares/ST/STM32_USB_Device_Library/Core/Src/usbd_core.o
                0x0800ae9e                USBD_LL_SetupStage
 .text.USBD_LL_DataOutStage
                0x0800af48      0x178 ./Middlewares/ST/STM32_USB_Device_Library/Core/Src/usbd_core.o
                0x0800af48                USBD_LL_DataOutStage
 .text.USBD_LL_DataInStage
                0x0800b0c0      0x176 ./Middlewares/ST/STM32_USB_Device_Library/Core/Src/usbd_core.o
                0x0800b0c0                USBD_LL_DataInStage
 .text.USBD_LL_Reset
                0x0800b236       0xa6 ./Middlewares/ST/STM32_USB_Device_Library/Core/Src/usbd_core.o
                0x0800b236                USBD_LL_Reset
 .text.USBD_LL_SetSpeed
                0x0800b2dc       0x20 ./Middlewares/ST/STM32_USB_Device_Library/Core/Src/usbd_core.o
                0x0800b2dc                USBD_LL_SetSpeed
 .text.USBD_LL_Suspend
                0x0800b2fc       0x38 ./Middlewares/ST/STM32_USB_Device_Library/Core/Src/usbd_core.o
                0x0800b2fc                USBD_LL_Suspend
 .text.USBD_LL_Resume
                0x0800b334       0x30 ./Middlewares/ST/STM32_USB_Device_Library/Core/Src/usbd_core.o
                0x0800b334                USBD_LL_Resume
 .text.USBD_LL_SOF
                0x0800b364       0x40 ./Middlewares/ST/STM32_USB_Device_Library/Core/Src/usbd_core.o
                0x0800b364                USBD_LL_SOF
 .text.USBD_LL_IsoINIncomplete
                0x0800b3a4       0x64 ./Middlewares/ST/STM32_USB_Device_Library/Core/Src/usbd_core.o
                0x0800b3a4                USBD_LL_IsoINIncomplete
 .text.USBD_LL_IsoOUTIncomplete
                0x0800b408       0x64 ./Middlewares/ST/STM32_USB_Device_Library/Core/Src/usbd_core.o
                0x0800b408                USBD_LL_IsoOUTIncomplete
 .text.USBD_LL_DevConnected
                0x0800b46c       0x16 ./Middlewares/ST/STM32_USB_Device_Library/Core/Src/usbd_core.o
                0x0800b46c                USBD_LL_DevConnected
 .text.USBD_LL_DevDisconnected
                0x0800b482       0x46 ./Middlewares/ST/STM32_USB_Device_Library/Core/Src/usbd_core.o
                0x0800b482                USBD_LL_DevDisconnected
 .text.USBD_CoreFindIF
                0x0800b4c8       0x1a ./Middlewares/ST/STM32_USB_Device_Library/Core/Src/usbd_core.o
                0x0800b4c8                USBD_CoreFindIF
 .text.USBD_CoreFindEP
                0x0800b4e2       0x1a ./Middlewares/ST/STM32_USB_Device_Library/Core/Src/usbd_core.o
                0x0800b4e2                USBD_CoreFindEP
 .text.USBD_GetEpDesc
                0x0800b4fc       0x70 ./Middlewares/ST/STM32_USB_Device_Library/Core/Src/usbd_core.o
                0x0800b4fc                USBD_GetEpDesc
 .text.USBD_GetNextDesc
                0x0800b56c       0x38 ./Middlewares/ST/STM32_USB_Device_Library/Core/Src/usbd_core.o
                0x0800b56c                USBD_GetNextDesc
 .text.SWAPBYTE
                0x0800b5a4       0x3e ./Middlewares/ST/STM32_USB_Device_Library/Core/Src/usbd_ctlreq.o
 *fill*         0x0800b5e2        0x2 
 .text.USBD_StdDevReq
                0x0800b5e4       0xe4 ./Middlewares/ST/STM32_USB_Device_Library/Core/Src/usbd_ctlreq.o
                0x0800b5e4                USBD_StdDevReq
 .text.USBD_StdItfReq
                0x0800b6c8       0xd8 ./Middlewares/ST/STM32_USB_Device_Library/Core/Src/usbd_ctlreq.o
                0x0800b6c8                USBD_StdItfReq
 .text.USBD_StdEPReq
                0x0800b7a0      0x33e ./Middlewares/ST/STM32_USB_Device_Library/Core/Src/usbd_ctlreq.o
                0x0800b7a0                USBD_StdEPReq
 *fill*         0x0800bade        0x2 
 .text.USBD_GetDescriptor
                0x0800bae0      0x2d4 ./Middlewares/ST/STM32_USB_Device_Library/Core/Src/usbd_ctlreq.o
 .text.USBD_SetAddress
                0x0800bdb4       0x88 ./Middlewares/ST/STM32_USB_Device_Library/Core/Src/usbd_ctlreq.o
 .text.USBD_SetConfig
                0x0800be3c      0x154 ./Middlewares/ST/STM32_USB_Device_Library/Core/Src/usbd_ctlreq.o
 .text.USBD_GetConfig
                0x0800bf90       0x6c ./Middlewares/ST/STM32_USB_Device_Library/Core/Src/usbd_ctlreq.o
 .text.USBD_GetStatus
                0x0800bffc       0x68 ./Middlewares/ST/STM32_USB_Device_Library/Core/Src/usbd_ctlreq.o
 .text.USBD_SetFeature
                0x0800c064       0x52 ./Middlewares/ST/STM32_USB_Device_Library/Core/Src/usbd_ctlreq.o
 .text.USBD_ClrFeature
                0x0800c0b6       0x44 ./Middlewares/ST/STM32_USB_Device_Library/Core/Src/usbd_ctlreq.o
 .text.USBD_ParseSetupRequest
                0x0800c0fa       0x74 ./Middlewares/ST/STM32_USB_Device_Library/Core/Src/usbd_ctlreq.o
                0x0800c0fa                USBD_ParseSetupRequest
 .text.USBD_CtlError
                0x0800c16e       0x22 ./Middlewares/ST/STM32_USB_Device_Library/Core/Src/usbd_ctlreq.o
                0x0800c16e                USBD_CtlError
 .text.USBD_GetString
                0x0800c190       0xa4 ./Middlewares/ST/STM32_USB_Device_Library/Core/Src/usbd_ctlreq.o
                0x0800c190                USBD_GetString
 .text.USBD_GetLen
                0x0800c234       0x34 ./Middlewares/ST/STM32_USB_Device_Library/Core/Src/usbd_ctlreq.o
 .text.USBD_CtlSendData
                0x0800c268       0x3c ./Middlewares/ST/STM32_USB_Device_Library/Core/Src/usbd_ioreq.o
                0x0800c268                USBD_CtlSendData
 .text.USBD_CtlContinueSendData
                0x0800c2a4       0x22 ./Middlewares/ST/STM32_USB_Device_Library/Core/Src/usbd_ioreq.o
                0x0800c2a4                USBD_CtlContinueSendData
 .text.USBD_CtlPrepareRx
                0x0800c2c6       0x42 ./Middlewares/ST/STM32_USB_Device_Library/Core/Src/usbd_ioreq.o
                0x0800c2c6                USBD_CtlPrepareRx
 .text.USBD_CtlContinueRx
                0x0800c308       0x22 ./Middlewares/ST/STM32_USB_Device_Library/Core/Src/usbd_ioreq.o
                0x0800c308                USBD_CtlContinueRx
 .text.USBD_CtlSendStatus
                0x0800c32a       0x26 ./Middlewares/ST/STM32_USB_Device_Library/Core/Src/usbd_ioreq.o
                0x0800c32a                USBD_CtlSendStatus
 .text.USBD_CtlReceiveStatus
                0x0800c350       0x26 ./Middlewares/ST/STM32_USB_Device_Library/Core/Src/usbd_ioreq.o
                0x0800c350                USBD_CtlReceiveStatus
 *fill*         0x0800c376        0x2 
 .text.MX_USB_DEVICE_Init
                0x0800c378       0x60 ./USB_DEVICE/App/usb_device.o
                0x0800c378                MX_USB_DEVICE_Init
 .text.CDC_Init_FS
                0x0800c3d8       0x28 ./USB_DEVICE/App/usbd_cdc_if.o
 .text.CDC_DeInit_FS
                0x0800c400       0x10 ./USB_DEVICE/App/usbd_cdc_if.o
 .text.CDC_Control_FS
                0x0800c410       0xbc ./USB_DEVICE/App/usbd_cdc_if.o
 .text.CDC_Receive_FS
                0x0800c4cc       0x44 ./USB_DEVICE/App/usbd_cdc_if.o
 .text.CDC_Transmit_FS
                0x0800c510       0x4c ./USB_DEVICE/App/usbd_cdc_if.o
                0x0800c510                CDC_Transmit_FS
 .text.CDC_TransmitCplt_FS
                0x0800c55c       0x22 ./USB_DEVICE/App/usbd_cdc_if.o
 *fill*         0x0800c57e        0x2 
 .text.USBD_FS_DeviceDescriptor
                0x0800c580       0x24 ./USB_DEVICE/App/usbd_desc.o
                0x0800c580                USBD_FS_DeviceDescriptor
 .text.USBD_FS_LangIDStrDescriptor
                0x0800c5a4       0x24 ./USB_DEVICE/App/usbd_desc.o
                0x0800c5a4                USBD_FS_LangIDStrDescriptor
 .text.USBD_FS_ProductStrDescriptor
                0x0800c5c8       0x3c ./USB_DEVICE/App/usbd_desc.o
                0x0800c5c8                USBD_FS_ProductStrDescriptor
 .text.USBD_FS_ManufacturerStrDescriptor
                0x0800c604       0x28 ./USB_DEVICE/App/usbd_desc.o
                0x0800c604                USBD_FS_ManufacturerStrDescriptor
 .text.USBD_FS_SerialStrDescriptor
                0x0800c62c       0x24 ./USB_DEVICE/App/usbd_desc.o
                0x0800c62c                USBD_FS_SerialStrDescriptor
 .text.USBD_FS_ConfigStrDescriptor
                0x0800c650       0x3c ./USB_DEVICE/App/usbd_desc.o
                0x0800c650                USBD_FS_ConfigStrDescriptor
 .text.USBD_FS_InterfaceStrDescriptor
                0x0800c68c       0x3c ./USB_DEVICE/App/usbd_desc.o
                0x0800c68c                USBD_FS_InterfaceStrDescriptor
 .text.Get_SerialNum
                0x0800c6c8       0x58 ./USB_DEVICE/App/usbd_desc.o
 .text.IntToUnicode
                0x0800c720       0x7e ./USB_DEVICE/App/usbd_desc.o
 *fill*         0x0800c79e        0x2 
 .text.HAL_PCD_MspInit
                0x0800c7a0       0xa8 ./USB_DEVICE/Target/usbd_conf.o
                0x0800c7a0                HAL_PCD_MspInit
 .text.HAL_PCD_SetupStageCallback
                0x0800c848       0x24 ./USB_DEVICE/Target/usbd_conf.o
                0x0800c848                HAL_PCD_SetupStageCallback
 .text.HAL_PCD_DataOutStageCallback
                0x0800c86c       0x36 ./USB_DEVICE/Target/usbd_conf.o
                0x0800c86c                HAL_PCD_DataOutStageCallback
 .text.HAL_PCD_DataInStageCallback
                0x0800c8a2       0x34 ./USB_DEVICE/Target/usbd_conf.o
                0x0800c8a2                HAL_PCD_DataInStageCallback
 .text.HAL_PCD_SOFCallback
                0x0800c8d6       0x1c ./USB_DEVICE/Target/usbd_conf.o
                0x0800c8d6                HAL_PCD_SOFCallback
 .text.HAL_PCD_ResetCallback
                0x0800c8f2       0x50 ./USB_DEVICE/Target/usbd_conf.o
                0x0800c8f2                HAL_PCD_ResetCallback
 *fill*         0x0800c942        0x2 
 .text.HAL_PCD_SuspendCallback
                0x0800c944       0x4c ./USB_DEVICE/Target/usbd_conf.o
                0x0800c944                HAL_PCD_SuspendCallback
 .text.HAL_PCD_ResumeCallback
                0x0800c990       0x1c ./USB_DEVICE/Target/usbd_conf.o
                0x0800c990                HAL_PCD_ResumeCallback
 .text.HAL_PCD_ISOOUTIncompleteCallback
                0x0800c9ac       0x24 ./USB_DEVICE/Target/usbd_conf.o
                0x0800c9ac                HAL_PCD_ISOOUTIncompleteCallback
 .text.HAL_PCD_ISOINIncompleteCallback
                0x0800c9d0       0x24 ./USB_DEVICE/Target/usbd_conf.o
                0x0800c9d0                HAL_PCD_ISOINIncompleteCallback
 .text.HAL_PCD_ConnectCallback
                0x0800c9f4       0x1c ./USB_DEVICE/Target/usbd_conf.o
                0x0800c9f4                HAL_PCD_ConnectCallback
 .text.HAL_PCD_DisconnectCallback
                0x0800ca10       0x1c ./USB_DEVICE/Target/usbd_conf.o
                0x0800ca10                HAL_PCD_DisconnectCallback
 .text.USBD_LL_Init
                0x0800ca2c       0x98 ./USB_DEVICE/Target/usbd_conf.o
                0x0800ca2c                USBD_LL_Init
 .text.USBD_LL_Start
                0x0800cac4       0x36 ./USB_DEVICE/Target/usbd_conf.o
                0x0800cac4                USBD_LL_Start
 .text.USBD_LL_OpenEP
                0x0800cafa       0x4c ./USB_DEVICE/Target/usbd_conf.o
                0x0800cafa                USBD_LL_OpenEP
 .text.USBD_LL_CloseEP
                0x0800cb46       0x3e ./USB_DEVICE/Target/usbd_conf.o
                0x0800cb46                USBD_LL_CloseEP
 .text.USBD_LL_StallEP
                0x0800cb84       0x3e ./USB_DEVICE/Target/usbd_conf.o
                0x0800cb84                USBD_LL_StallEP
 .text.USBD_LL_ClearStallEP
                0x0800cbc2       0x3e ./USB_DEVICE/Target/usbd_conf.o
                0x0800cbc2                USBD_LL_ClearStallEP
 .text.USBD_LL_IsStallEP
                0x0800cc00       0x58 ./USB_DEVICE/Target/usbd_conf.o
                0x0800cc00                USBD_LL_IsStallEP
 .text.USBD_LL_SetUSBAddress
                0x0800cc58       0x3e ./USB_DEVICE/Target/usbd_conf.o
                0x0800cc58                USBD_LL_SetUSBAddress
 .text.USBD_LL_Transmit
                0x0800cc96       0x42 ./USB_DEVICE/Target/usbd_conf.o
                0x0800cc96                USBD_LL_Transmit
 .text.USBD_LL_PrepareReceive
                0x0800ccd8       0x42 ./USB_DEVICE/Target/usbd_conf.o
                0x0800ccd8                USBD_LL_PrepareReceive
 .text.USBD_LL_GetRxDataSize
                0x0800cd1a       0x26 ./USB_DEVICE/Target/usbd_conf.o
                0x0800cd1a                USBD_LL_GetRxDataSize
 .text.USBD_static_malloc
                0x0800cd40       0x1c ./USB_DEVICE/Target/usbd_conf.o
                0x0800cd40                USBD_static_malloc
 .text.USBD_static_free
                0x0800cd5c       0x14 ./USB_DEVICE/Target/usbd_conf.o
                0x0800cd5c                USBD_static_free
 .text.USBD_Get_USB_Status
                0x0800cd70       0x58 ./USB_DEVICE/Target/usbd_conf.o
                0x0800cd70                USBD_Get_USB_Status
 .text.__cvt    0x0800cdc8       0xca C:/Program Files/STM32CubeIDE_1.19.0/STM32CubeIDE/plugins/com.st.stm32cube.ide.mcu.externaltools.gnu-tools-for-stm32.13.3.rel1.win32_1.0.0.202411081344/tools/bin/../lib/gcc/arm-none-eabi/13.3.1/../../../../arm-none-eabi/lib/thumb/v7e-m+fp/hard\libc_nano.a(libc_a-nano-vfprintf_float.o)
                0x0800cdc8                __cvt
 .text.__exponent
                0x0800ce92       0x74 C:/Program Files/STM32CubeIDE_1.19.0/STM32CubeIDE/plugins/com.st.stm32cube.ide.mcu.externaltools.gnu-tools-for-stm32.13.3.rel1.win32_1.0.0.202411081344/tools/bin/../lib/gcc/arm-none-eabi/13.3.1/../../../../arm-none-eabi/lib/thumb/v7e-m+fp/hard\libc_nano.a(libc_a-nano-vfprintf_float.o)
                0x0800ce92                __exponent
 *fill*         0x0800cf06        0x2 
 .text._printf_float
                0x0800cf08      0x454 C:/Program Files/STM32CubeIDE_1.19.0/STM32CubeIDE/plugins/com.st.stm32cube.ide.mcu.externaltools.gnu-tools-for-stm32.13.3.rel1.win32_1.0.0.202411081344/tools/bin/../lib/gcc/arm-none-eabi/13.3.1/../../../../arm-none-eabi/lib/thumb/v7e-m+fp/hard\libc_nano.a(libc_a-nano-vfprintf_float.o)
                0x0800cf08                _printf_float
 .text._printf_common
                0x0800d35c       0xda C:/Program Files/STM32CubeIDE_1.19.0/STM32CubeIDE/plugins/com.st.stm32cube.ide.mcu.externaltools.gnu-tools-for-stm32.13.3.rel1.win32_1.0.0.202411081344/tools/bin/../lib/gcc/arm-none-eabi/13.3.1/../../../../arm-none-eabi/lib/thumb/v7e-m+fp/hard\libc_nano.a(libc_a-nano-vfprintf_i.o)
                0x0800d35c                _printf_common
 *fill*         0x0800d436        0x2 
 .text._printf_i
                0x0800d438      0x23c C:/Program Files/STM32CubeIDE_1.19.0/STM32CubeIDE/plugins/com.st.stm32cube.ide.mcu.externaltools.gnu-tools-for-stm32.13.3.rel1.win32_1.0.0.202411081344/tools/bin/../lib/gcc/arm-none-eabi/13.3.1/../../../../arm-none-eabi/lib/thumb/v7e-m+fp/hard\libc_nano.a(libc_a-nano-vfprintf_i.o)
                0x0800d438                _printf_i
 .text.std      0x0800d674       0x6c C:/Program Files/STM32CubeIDE_1.19.0/STM32CubeIDE/plugins/com.st.stm32cube.ide.mcu.externaltools.gnu-tools-for-stm32.13.3.rel1.win32_1.0.0.202411081344/tools/bin/../lib/gcc/arm-none-eabi/13.3.1/../../../../arm-none-eabi/lib/thumb/v7e-m+fp/hard\libc_nano.a(libc_a-findfp.o)
 .text.stdio_exit_handler
                0x0800d6e0       0x18 C:/Program Files/STM32CubeIDE_1.19.0/STM32CubeIDE/plugins/com.st.stm32cube.ide.mcu.externaltools.gnu-tools-for-stm32.13.3.rel1.win32_1.0.0.202411081344/tools/bin/../lib/gcc/arm-none-eabi/13.3.1/../../../../arm-none-eabi/lib/thumb/v7e-m+fp/hard\libc_nano.a(libc_a-findfp.o)
 .text.cleanup_stdio
                0x0800d6f8       0x40 C:/Program Files/STM32CubeIDE_1.19.0/STM32CubeIDE/plugins/com.st.stm32cube.ide.mcu.externaltools.gnu-tools-for-stm32.13.3.rel1.win32_1.0.0.202411081344/tools/bin/../lib/gcc/arm-none-eabi/13.3.1/../../../../arm-none-eabi/lib/thumb/v7e-m+fp/hard\libc_nano.a(libc_a-findfp.o)
 .text.global_stdio_init.part.0
                0x0800d738       0x3c C:/Program Files/STM32CubeIDE_1.19.0/STM32CubeIDE/plugins/com.st.stm32cube.ide.mcu.externaltools.gnu-tools-for-stm32.13.3.rel1.win32_1.0.0.202411081344/tools/bin/../lib/gcc/arm-none-eabi/13.3.1/../../../../arm-none-eabi/lib/thumb/v7e-m+fp/hard\libc_nano.a(libc_a-findfp.o)
 .text.__sfp_lock_acquire
                0x0800d774        0xc C:/Program Files/STM32CubeIDE_1.19.0/STM32CubeIDE/plugins/com.st.stm32cube.ide.mcu.externaltools.gnu-tools-for-stm32.13.3.rel1.win32_1.0.0.202411081344/tools/bin/../lib/gcc/arm-none-eabi/13.3.1/../../../../arm-none-eabi/lib/thumb/v7e-m+fp/hard\libc_nano.a(libc_a-findfp.o)
                0x0800d774                __sfp_lock_acquire
 .text.__sfp_lock_release
                0x0800d780        0xc C:/Program Files/STM32CubeIDE_1.19.0/STM32CubeIDE/plugins/com.st.stm32cube.ide.mcu.externaltools.gnu-tools-for-stm32.13.3.rel1.win32_1.0.0.202411081344/tools/bin/../lib/gcc/arm-none-eabi/13.3.1/../../../../arm-none-eabi/lib/thumb/v7e-m+fp/hard\libc_nano.a(libc_a-findfp.o)
                0x0800d780                __sfp_lock_release
 .text.__sinit  0x0800d78c       0x30 C:/Program Files/STM32CubeIDE_1.19.0/STM32CubeIDE/plugins/com.st.stm32cube.ide.mcu.externaltools.gnu-tools-for-stm32.13.3.rel1.win32_1.0.0.202411081344/tools/bin/../lib/gcc/arm-none-eabi/13.3.1/../../../../arm-none-eabi/lib/thumb/v7e-m+fp/hard\libc_nano.a(libc_a-findfp.o)
                0x0800d78c                __sinit
 .text._fwalk_sglue
                0x0800d7bc       0x3c C:/Program Files/STM32CubeIDE_1.19.0/STM32CubeIDE/plugins/com.st.stm32cube.ide.mcu.externaltools.gnu-tools-for-stm32.13.3.rel1.win32_1.0.0.202411081344/tools/bin/../lib/gcc/arm-none-eabi/13.3.1/../../../../arm-none-eabi/lib/thumb/v7e-m+fp/hard\libc_nano.a(libc_a-fwalk.o)
                0x0800d7bc                _fwalk_sglue
 .text.sprintf  0x0800d7f8       0x44 C:/Program Files/STM32CubeIDE_1.19.0/STM32CubeIDE/plugins/com.st.stm32cube.ide.mcu.externaltools.gnu-tools-for-stm32.13.3.rel1.win32_1.0.0.202411081344/tools/bin/../lib/gcc/arm-none-eabi/13.3.1/../../../../arm-none-eabi/lib/thumb/v7e-m+fp/hard\libc_nano.a(libc_a-sprintf.o)
                0x0800d7f8                siprintf
                0x0800d7f8                sprintf
 .text.__sread  0x0800d83c       0x22 C:/Program Files/STM32CubeIDE_1.19.0/STM32CubeIDE/plugins/com.st.stm32cube.ide.mcu.externaltools.gnu-tools-for-stm32.13.3.rel1.win32_1.0.0.202411081344/tools/bin/../lib/gcc/arm-none-eabi/13.3.1/../../../../arm-none-eabi/lib/thumb/v7e-m+fp/hard\libc_nano.a(libc_a-stdio.o)
                0x0800d83c                __sread
 .text.__swrite
                0x0800d85e       0x38 C:/Program Files/STM32CubeIDE_1.19.0/STM32CubeIDE/plugins/com.st.stm32cube.ide.mcu.externaltools.gnu-tools-for-stm32.13.3.rel1.win32_1.0.0.202411081344/tools/bin/../lib/gcc/arm-none-eabi/13.3.1/../../../../arm-none-eabi/lib/thumb/v7e-m+fp/hard\libc_nano.a(libc_a-stdio.o)
                0x0800d85e                __swrite
 .text.__sseek  0x0800d896       0x24 C:/Program Files/STM32CubeIDE_1.19.0/STM32CubeIDE/plugins/com.st.stm32cube.ide.mcu.externaltools.gnu-tools-for-stm32.13.3.rel1.win32_1.0.0.202411081344/tools/bin/../lib/gcc/arm-none-eabi/13.3.1/../../../../arm-none-eabi/lib/thumb/v7e-m+fp/hard\libc_nano.a(libc_a-stdio.o)
                0x0800d896                __sseek
 .text.__sclose
                0x0800d8ba        0x8 C:/Program Files/STM32CubeIDE_1.19.0/STM32CubeIDE/plugins/com.st.stm32cube.ide.mcu.externaltools.gnu-tools-for-stm32.13.3.rel1.win32_1.0.0.202411081344/tools/bin/../lib/gcc/arm-none-eabi/13.3.1/../../../../arm-none-eabi/lib/thumb/v7e-m+fp/hard\libc_nano.a(libc_a-stdio.o)
                0x0800d8ba                __sclose
 .text.memset   0x0800d8c2       0x10 C:/Program Files/STM32CubeIDE_1.19.0/STM32CubeIDE/plugins/com.st.stm32cube.ide.mcu.externaltools.gnu-tools-for-stm32.13.3.rel1.win32_1.0.0.202411081344/tools/bin/../lib/gcc/arm-none-eabi/13.3.1/../../../../arm-none-eabi/lib/thumb/v7e-m+fp/hard\libc_nano.a(libc_a-memset.o)
                0x0800d8c2                memset
 *fill*         0x0800d8d2        0x2 
 .text._localeconv_r
                0x0800d8d4        0x8 C:/Program Files/STM32CubeIDE_1.19.0/STM32CubeIDE/plugins/com.st.stm32cube.ide.mcu.externaltools.gnu-tools-for-stm32.13.3.rel1.win32_1.0.0.202411081344/tools/bin/../lib/gcc/arm-none-eabi/13.3.1/../../../../arm-none-eabi/lib/thumb/v7e-m+fp/hard\libc_nano.a(libc_a-localeconv.o)
                0x0800d8d4                _localeconv_r
 .text._close_r
                0x0800d8dc       0x20 C:/Program Files/STM32CubeIDE_1.19.0/STM32CubeIDE/plugins/com.st.stm32cube.ide.mcu.externaltools.gnu-tools-for-stm32.13.3.rel1.win32_1.0.0.202411081344/tools/bin/../lib/gcc/arm-none-eabi/13.3.1/../../../../arm-none-eabi/lib/thumb/v7e-m+fp/hard\libc_nano.a(libc_a-closer.o)
                0x0800d8dc                _close_r
 .text._lseek_r
                0x0800d8fc       0x24 C:/Program Files/STM32CubeIDE_1.19.0/STM32CubeIDE/plugins/com.st.stm32cube.ide.mcu.externaltools.gnu-tools-for-stm32.13.3.rel1.win32_1.0.0.202411081344/tools/bin/../lib/gcc/arm-none-eabi/13.3.1/../../../../arm-none-eabi/lib/thumb/v7e-m+fp/hard\libc_nano.a(libc_a-lseekr.o)
                0x0800d8fc                _lseek_r
 .text._read_r  0x0800d920       0x24 C:/Program Files/STM32CubeIDE_1.19.0/STM32CubeIDE/plugins/com.st.stm32cube.ide.mcu.externaltools.gnu-tools-for-stm32.13.3.rel1.win32_1.0.0.202411081344/tools/bin/../lib/gcc/arm-none-eabi/13.3.1/../../../../arm-none-eabi/lib/thumb/v7e-m+fp/hard\libc_nano.a(libc_a-readr.o)
                0x0800d920                _read_r
 .text._write_r
                0x0800d944       0x24 C:/Program Files/STM32CubeIDE_1.19.0/STM32CubeIDE/plugins/com.st.stm32cube.ide.mcu.externaltools.gnu-tools-for-stm32.13.3.rel1.win32_1.0.0.202411081344/tools/bin/../lib/gcc/arm-none-eabi/13.3.1/../../../../arm-none-eabi/lib/thumb/v7e-m+fp/hard\libc_nano.a(libc_a-writer.o)
                0x0800d944                _write_r
 .text.__errno  0x0800d968        0xc C:/Program Files/STM32CubeIDE_1.19.0/STM32CubeIDE/plugins/com.st.stm32cube.ide.mcu.externaltools.gnu-tools-for-stm32.13.3.rel1.win32_1.0.0.202411081344/tools/bin/../lib/gcc/arm-none-eabi/13.3.1/../../../../arm-none-eabi/lib/thumb/v7e-m+fp/hard\libc_nano.a(libc_a-errno.o)
                0x0800d968                __errno
 .text.__libc_init_array
                0x0800d974       0x48 C:/Program Files/STM32CubeIDE_1.19.0/STM32CubeIDE/plugins/com.st.stm32cube.ide.mcu.externaltools.gnu-tools-for-stm32.13.3.rel1.win32_1.0.0.202411081344/tools/bin/../lib/gcc/arm-none-eabi/13.3.1/../../../../arm-none-eabi/lib/thumb/v7e-m+fp/hard\libc_nano.a(libc_a-init.o)
                0x0800d974                __libc_init_array
 .text.__retarget_lock_init_recursive
                0x0800d9bc        0x2 C:/Program Files/STM32CubeIDE_1.19.0/STM32CubeIDE/plugins/com.st.stm32cube.ide.mcu.externaltools.gnu-tools-for-stm32.13.3.rel1.win32_1.0.0.202411081344/tools/bin/../lib/gcc/arm-none-eabi/13.3.1/../../../../arm-none-eabi/lib/thumb/v7e-m+fp/hard\libc_nano.a(libc_a-lock.o)
                0x0800d9bc                __retarget_lock_init_recursive
 .text.__retarget_lock_acquire_recursive
                0x0800d9be        0x2 C:/Program Files/STM32CubeIDE_1.19.0/STM32CubeIDE/plugins/com.st.stm32cube.ide.mcu.externaltools.gnu-tools-for-stm32.13.3.rel1.win32_1.0.0.202411081344/tools/bin/../lib/gcc/arm-none-eabi/13.3.1/../../../../arm-none-eabi/lib/thumb/v7e-m+fp/hard\libc_nano.a(libc_a-lock.o)
                0x0800d9be                __retarget_lock_acquire_recursive
 .text.__retarget_lock_release_recursive
                0x0800d9c0        0x2 C:/Program Files/STM32CubeIDE_1.19.0/STM32CubeIDE/plugins/com.st.stm32cube.ide.mcu.externaltools.gnu-tools-for-stm32.13.3.rel1.win32_1.0.0.202411081344/tools/bin/../lib/gcc/arm-none-eabi/13.3.1/../../../../arm-none-eabi/lib/thumb/v7e-m+fp/hard\libc_nano.a(libc_a-lock.o)
                0x0800d9c0                __retarget_lock_release_recursive
 .text.quorem   0x0800d9c2      0x110 C:/Program Files/STM32CubeIDE_1.19.0/STM32CubeIDE/plugins/com.st.stm32cube.ide.mcu.externaltools.gnu-tools-for-stm32.13.3.rel1.win32_1.0.0.202411081344/tools/bin/../lib/gcc/arm-none-eabi/13.3.1/../../../../arm-none-eabi/lib/thumb/v7e-m+fp/hard\libc_nano.a(libc_a-dtoa.o)
 *fill*         0x0800dad2        0x6 
 .text._dtoa_r  0x0800dad8      0xba0 C:/Program Files/STM32CubeIDE_1.19.0/STM32CubeIDE/plugins/com.st.stm32cube.ide.mcu.externaltools.gnu-tools-for-stm32.13.3.rel1.win32_1.0.0.202411081344/tools/bin/../lib/gcc/arm-none-eabi/13.3.1/../../../../arm-none-eabi/lib/thumb/v7e-m+fp/hard\libc_nano.a(libc_a-dtoa.o)
                0x0800dad8                _dtoa_r
 .text._free_r  0x0800e678       0x94 C:/Program Files/STM32CubeIDE_1.19.0/STM32CubeIDE/plugins/com.st.stm32cube.ide.mcu.externaltools.gnu-tools-for-stm32.13.3.rel1.win32_1.0.0.202411081344/tools/bin/../lib/gcc/arm-none-eabi/13.3.1/../../../../arm-none-eabi/lib/thumb/v7e-m+fp/hard\libc_nano.a(libc_a-freer.o)
                0x0800e678                _free_r
 .text.malloc   0x0800e70c       0x10 C:/Program Files/STM32CubeIDE_1.19.0/STM32CubeIDE/plugins/com.st.stm32cube.ide.mcu.externaltools.gnu-tools-for-stm32.13.3.rel1.win32_1.0.0.202411081344/tools/bin/../lib/gcc/arm-none-eabi/13.3.1/../../../../arm-none-eabi/lib/thumb/v7e-m+fp/hard\libc_nano.a(libc_a-malloc.o)
                0x0800e70c                malloc
 .text.sbrk_aligned
                0x0800e71c       0x44 C:/Program Files/STM32CubeIDE_1.19.0/STM32CubeIDE/plugins/com.st.stm32cube.ide.mcu.externaltools.gnu-tools-for-stm32.13.3.rel1.win32_1.0.0.202411081344/tools/bin/../lib/gcc/arm-none-eabi/13.3.1/../../../../arm-none-eabi/lib/thumb/v7e-m+fp/hard\libc_nano.a(libc_a-mallocr.o)
 .text._malloc_r
                0x0800e760      0x100 C:/Program Files/STM32CubeIDE_1.19.0/STM32CubeIDE/plugins/com.st.stm32cube.ide.mcu.externaltools.gnu-tools-for-stm32.13.3.rel1.win32_1.0.0.202411081344/tools/bin/../lib/gcc/arm-none-eabi/13.3.1/../../../../arm-none-eabi/lib/thumb/v7e-m+fp/hard\libc_nano.a(libc_a-mallocr.o)
                0x0800e760                _malloc_r
 .text.__malloc_lock
                0x0800e860        0xc C:/Program Files/STM32CubeIDE_1.19.0/STM32CubeIDE/plugins/com.st.stm32cube.ide.mcu.externaltools.gnu-tools-for-stm32.13.3.rel1.win32_1.0.0.202411081344/tools/bin/../lib/gcc/arm-none-eabi/13.3.1/../../../../arm-none-eabi/lib/thumb/v7e-m+fp/hard\libc_nano.a(libc_a-mlock.o)
                0x0800e860                __malloc_lock
 .text.__malloc_unlock
                0x0800e86c        0xc C:/Program Files/STM32CubeIDE_1.19.0/STM32CubeIDE/plugins/com.st.stm32cube.ide.mcu.externaltools.gnu-tools-for-stm32.13.3.rel1.win32_1.0.0.202411081344/tools/bin/../lib/gcc/arm-none-eabi/13.3.1/../../../../arm-none-eabi/lib/thumb/v7e-m+fp/hard\libc_nano.a(libc_a-mlock.o)
                0x0800e86c                __malloc_unlock
 .text._Balloc  0x0800e878       0x80 C:/Program Files/STM32CubeIDE_1.19.0/STM32CubeIDE/plugins/com.st.stm32cube.ide.mcu.externaltools.gnu-tools-for-stm32.13.3.rel1.win32_1.0.0.202411081344/tools/bin/../lib/gcc/arm-none-eabi/13.3.1/../../../../arm-none-eabi/lib/thumb/v7e-m+fp/hard\libc_nano.a(libc_a-mprec.o)
                0x0800e878                _Balloc
 .text._Bfree   0x0800e8f8       0x44 C:/Program Files/STM32CubeIDE_1.19.0/STM32CubeIDE/plugins/com.st.stm32cube.ide.mcu.externaltools.gnu-tools-for-stm32.13.3.rel1.win32_1.0.0.202411081344/tools/bin/../lib/gcc/arm-none-eabi/13.3.1/../../../../arm-none-eabi/lib/thumb/v7e-m+fp/hard\libc_nano.a(libc_a-mprec.o)
                0x0800e8f8                _Bfree
 .text.__multadd
                0x0800e93c       0x8c C:/Program Files/STM32CubeIDE_1.19.0/STM32CubeIDE/plugins/com.st.stm32cube.ide.mcu.externaltools.gnu-tools-for-stm32.13.3.rel1.win32_1.0.0.202411081344/tools/bin/../lib/gcc/arm-none-eabi/13.3.1/../../../../arm-none-eabi/lib/thumb/v7e-m+fp/hard\libc_nano.a(libc_a-mprec.o)
                0x0800e93c                __multadd
 .text.__hi0bits
                0x0800e9c8       0x3e C:/Program Files/STM32CubeIDE_1.19.0/STM32CubeIDE/plugins/com.st.stm32cube.ide.mcu.externaltools.gnu-tools-for-stm32.13.3.rel1.win32_1.0.0.202411081344/tools/bin/../lib/gcc/arm-none-eabi/13.3.1/../../../../arm-none-eabi/lib/thumb/v7e-m+fp/hard\libc_nano.a(libc_a-mprec.o)
                0x0800e9c8                __hi0bits
 .text.__lo0bits
                0x0800ea06       0x5a C:/Program Files/STM32CubeIDE_1.19.0/STM32CubeIDE/plugins/com.st.stm32cube.ide.mcu.externaltools.gnu-tools-for-stm32.13.3.rel1.win32_1.0.0.202411081344/tools/bin/../lib/gcc/arm-none-eabi/13.3.1/../../../../arm-none-eabi/lib/thumb/v7e-m+fp/hard\libc_nano.a(libc_a-mprec.o)
                0x0800ea06                __lo0bits
 .text.__i2b    0x0800ea60       0x2c C:/Program Files/STM32CubeIDE_1.19.0/STM32CubeIDE/plugins/com.st.stm32cube.ide.mcu.externaltools.gnu-tools-for-stm32.13.3.rel1.win32_1.0.0.202411081344/tools/bin/../lib/gcc/arm-none-eabi/13.3.1/../../../../arm-none-eabi/lib/thumb/v7e-m+fp/hard\libc_nano.a(libc_a-mprec.o)
                0x0800ea60                __i2b
 .text.__multiply
                0x0800ea8c      0x144 C:/Program Files/STM32CubeIDE_1.19.0/STM32CubeIDE/plugins/com.st.stm32cube.ide.mcu.externaltools.gnu-tools-for-stm32.13.3.rel1.win32_1.0.0.202411081344/tools/bin/../lib/gcc/arm-none-eabi/13.3.1/../../../../arm-none-eabi/lib/thumb/v7e-m+fp/hard\libc_nano.a(libc_a-mprec.o)
                0x0800ea8c                __multiply
 .text.__pow5mult
                0x0800ebd0       0xb4 C:/Program Files/STM32CubeIDE_1.19.0/STM32CubeIDE/plugins/com.st.stm32cube.ide.mcu.externaltools.gnu-tools-for-stm32.13.3.rel1.win32_1.0.0.202411081344/tools/bin/../lib/gcc/arm-none-eabi/13.3.1/../../../../arm-none-eabi/lib/thumb/v7e-m+fp/hard\libc_nano.a(libc_a-mprec.o)
                0x0800ebd0                __pow5mult
 .text.__lshift
                0x0800ec84       0xd8 C:/Program Files/STM32CubeIDE_1.19.0/STM32CubeIDE/plugins/com.st.stm32cube.ide.mcu.externaltools.gnu-tools-for-stm32.13.3.rel1.win32_1.0.0.202411081344/tools/bin/../lib/gcc/arm-none-eabi/13.3.1/../../../../arm-none-eabi/lib/thumb/v7e-m+fp/hard\libc_nano.a(libc_a-mprec.o)
                0x0800ec84                __lshift
 .text.__mcmp   0x0800ed5c       0x36 C:/Program Files/STM32CubeIDE_1.19.0/STM32CubeIDE/plugins/com.st.stm32cube.ide.mcu.externaltools.gnu-tools-for-stm32.13.3.rel1.win32_1.0.0.202411081344/tools/bin/../lib/gcc/arm-none-eabi/13.3.1/../../../../arm-none-eabi/lib/thumb/v7e-m+fp/hard\libc_nano.a(libc_a-mprec.o)
                0x0800ed5c                __mcmp
 *fill*         0x0800ed92        0x2 
 .text.__mdiff  0x0800ed94      0x128 C:/Program Files/STM32CubeIDE_1.19.0/STM32CubeIDE/plugins/com.st.stm32cube.ide.mcu.externaltools.gnu-tools-for-stm32.13.3.rel1.win32_1.0.0.202411081344/tools/bin/../lib/gcc/arm-none-eabi/13.3.1/../../../../arm-none-eabi/lib/thumb/v7e-m+fp/hard\libc_nano.a(libc_a-mprec.o)
                0x0800ed94                __mdiff
 .text.__d2b    0x0800eebc       0xb0 C:/Program Files/STM32CubeIDE_1.19.0/STM32CubeIDE/plugins/com.st.stm32cube.ide.mcu.externaltools.gnu-tools-for-stm32.13.3.rel1.win32_1.0.0.202411081344/tools/bin/../lib/gcc/arm-none-eabi/13.3.1/../../../../arm-none-eabi/lib/thumb/v7e-m+fp/hard\libc_nano.a(libc_a-mprec.o)
                0x0800eebc                __d2b
 .text.__ssputs_r
                0x0800ef6c       0xb6 C:/Program Files/STM32CubeIDE_1.19.0/STM32CubeIDE/plugins/com.st.stm32cube.ide.mcu.externaltools.gnu-tools-for-stm32.13.3.rel1.win32_1.0.0.202411081344/tools/bin/../lib/gcc/arm-none-eabi/13.3.1/../../../../arm-none-eabi/lib/thumb/v7e-m+fp/hard\libc_nano.a(libc_a-nano-svfprintf.o)
                0x0800ef6c                __ssputs_r
 *fill*         0x0800f022        0x2 
 .text._svfprintf_r
                0x0800f024      0x1f8 C:/Program Files/STM32CubeIDE_1.19.0/STM32CubeIDE/plugins/com.st.stm32cube.ide.mcu.externaltools.gnu-tools-for-stm32.13.3.rel1.win32_1.0.0.202411081344/tools/bin/../lib/gcc/arm-none-eabi/13.3.1/../../../../arm-none-eabi/lib/thumb/v7e-m+fp/hard\libc_nano.a(libc_a-nano-svfprintf.o)
                0x0800f024                _svfiprintf_r
                0x0800f024                _svfprintf_r
 .text.__sflush_r
                0x0800f21c      0x108 C:/Program Files/STM32CubeIDE_1.19.0/STM32CubeIDE/plugins/com.st.stm32cube.ide.mcu.externaltools.gnu-tools-for-stm32.13.3.rel1.win32_1.0.0.202411081344/tools/bin/../lib/gcc/arm-none-eabi/13.3.1/../../../../arm-none-eabi/lib/thumb/v7e-m+fp/hard\libc_nano.a(libc_a-fflush.o)
                0x0800f21c                __sflush_r
 .text._fflush_r
                0x0800f324       0x50 C:/Program Files/STM32CubeIDE_1.19.0/STM32CubeIDE/plugins/com.st.stm32cube.ide.mcu.externaltools.gnu-tools-for-stm32.13.3.rel1.win32_1.0.0.202411081344/tools/bin/../lib/gcc/arm-none-eabi/13.3.1/../../../../arm-none-eabi/lib/thumb/v7e-m+fp/hard\libc_nano.a(libc_a-fflush.o)
                0x0800f324                _fflush_r
 .text.memmove  0x0800f374       0x34 C:/Program Files/STM32CubeIDE_1.19.0/STM32CubeIDE/plugins/com.st.stm32cube.ide.mcu.externaltools.gnu-tools-for-stm32.13.3.rel1.win32_1.0.0.202411081344/tools/bin/../lib/gcc/arm-none-eabi/13.3.1/../../../../arm-none-eabi/lib/thumb/v7e-m+fp/hard\libc_nano.a(libc_a-memmove.o)
                0x0800f374                memmove
 .text._sbrk_r  0x0800f3a8       0x20 C:/Program Files/STM32CubeIDE_1.19.0/STM32CubeIDE/plugins/com.st.stm32cube.ide.mcu.externaltools.gnu-tools-for-stm32.13.3.rel1.win32_1.0.0.202411081344/tools/bin/../lib/gcc/arm-none-eabi/13.3.1/../../../../arm-none-eabi/lib/thumb/v7e-m+fp/hard\libc_nano.a(libc_a-sbrkr.o)
                0x0800f3a8                _sbrk_r
 .text.memcpy   0x0800f3c8       0x1c C:/Program Files/STM32CubeIDE_1.19.0/STM32CubeIDE/plugins/com.st.stm32cube.ide.mcu.externaltools.gnu-tools-for-stm32.13.3.rel1.win32_1.0.0.202411081344/tools/bin/../lib/gcc/arm-none-eabi/13.3.1/../../../../arm-none-eabi/lib/thumb/v7e-m+fp/hard\libc_nano.a(libc_a-memcpy-stub.o)
                0x0800f3c8                memcpy
 .text.__assert_func
                0x0800f3e4       0x3c C:/Program Files/STM32CubeIDE_1.19.0/STM32CubeIDE/plugins/com.st.stm32cube.ide.mcu.externaltools.gnu-tools-for-stm32.13.3.rel1.win32_1.0.0.202411081344/tools/bin/../lib/gcc/arm-none-eabi/13.3.1/../../../../arm-none-eabi/lib/thumb/v7e-m+fp/hard\libc_nano.a(libc_a-assert.o)
                0x0800f3e4                __assert_func
 .text._calloc_r
                0x0800f420       0x28 C:/Program Files/STM32CubeIDE_1.19.0/STM32CubeIDE/plugins/com.st.stm32cube.ide.mcu.externaltools.gnu-tools-for-stm32.13.3.rel1.win32_1.0.0.202411081344/tools/bin/../lib/gcc/arm-none-eabi/13.3.1/../../../../arm-none-eabi/lib/thumb/v7e-m+fp/hard\libc_nano.a(libc_a-callocr.o)
                0x0800f420                _calloc_r
 .text.__ascii_mbtowc
                0x0800f448       0x24 C:/Program Files/STM32CubeIDE_1.19.0/STM32CubeIDE/plugins/com.st.stm32cube.ide.mcu.externaltools.gnu-tools-for-stm32.13.3.rel1.win32_1.0.0.202411081344/tools/bin/../lib/gcc/arm-none-eabi/13.3.1/../../../../arm-none-eabi/lib/thumb/v7e-m+fp/hard\libc_nano.a(libc_a-mbtowc_r.o)
                0x0800f448                __ascii_mbtowc
 .text._realloc_r
                0x0800f46c       0x5c C:/Program Files/STM32CubeIDE_1.19.0/STM32CubeIDE/plugins/com.st.stm32cube.ide.mcu.externaltools.gnu-tools-for-stm32.13.3.rel1.win32_1.0.0.202411081344/tools/bin/../lib/gcc/arm-none-eabi/13.3.1/../../../../arm-none-eabi/lib/thumb/v7e-m+fp/hard\libc_nano.a(libc_a-reallocr.o)
                0x0800f46c                _realloc_r
 .text.__ascii_wctomb
                0x0800f4c8       0x1a C:/Program Files/STM32CubeIDE_1.19.0/STM32CubeIDE/plugins/com.st.stm32cube.ide.mcu.externaltools.gnu-tools-for-stm32.13.3.rel1.win32_1.0.0.202411081344/tools/bin/../lib/gcc/arm-none-eabi/13.3.1/../../../../arm-none-eabi/lib/thumb/v7e-m+fp/hard\libc_nano.a(libc_a-wctomb_r.o)
                0x0800f4c8                __ascii_wctomb
 *fill*         0x0800f4e2        0x2 
 .text.fprintf  0x0800f4e4       0x24 C:/Program Files/STM32CubeIDE_1.19.0/STM32CubeIDE/plugins/com.st.stm32cube.ide.mcu.externaltools.gnu-tools-for-stm32.13.3.rel1.win32_1.0.0.202411081344/tools/bin/../lib/gcc/arm-none-eabi/13.3.1/../../../../arm-none-eabi/lib/thumb/v7e-m+fp/hard\libc_nano.a(libc_a-fprintf.o)
                0x0800f4e4                fiprintf
                0x0800f4e4                fprintf
 .text.abort    0x0800f508        0xe C:/Program Files/STM32CubeIDE_1.19.0/STM32CubeIDE/plugins/com.st.stm32cube.ide.mcu.externaltools.gnu-tools-for-stm32.13.3.rel1.win32_1.0.0.202411081344/tools/bin/../lib/gcc/arm-none-eabi/13.3.1/../../../../arm-none-eabi/lib/thumb/v7e-m+fp/hard\libc_nano.a(libc_a-abort.o)
                0x0800f508                abort
 .text._malloc_usable_size_r
                0x0800f516       0x10 C:/Program Files/STM32CubeIDE_1.19.0/STM32CubeIDE/plugins/com.st.stm32cube.ide.mcu.externaltools.gnu-tools-for-stm32.13.3.rel1.win32_1.0.0.202411081344/tools/bin/../lib/gcc/arm-none-eabi/13.3.1/../../../../arm-none-eabi/lib/thumb/v7e-m+fp/hard\libc_nano.a(libc_a-msizer.o)
                0x0800f516                _malloc_usable_size_r
 .text.__sfputc_r
                0x0800f526       0x2e C:/Program Files/STM32CubeIDE_1.19.0/STM32CubeIDE/plugins/com.st.stm32cube.ide.mcu.externaltools.gnu-tools-for-stm32.13.3.rel1.win32_1.0.0.202411081344/tools/bin/../lib/gcc/arm-none-eabi/13.3.1/../../../../arm-none-eabi/lib/thumb/v7e-m+fp/hard\libc_nano.a(libc_a-nano-vfprintf.o)
 .text.__sfputs_r
                0x0800f554       0x24 C:/Program Files/STM32CubeIDE_1.19.0/STM32CubeIDE/plugins/com.st.stm32cube.ide.mcu.externaltools.gnu-tools-for-stm32.13.3.rel1.win32_1.0.0.202411081344/tools/bin/../lib/gcc/arm-none-eabi/13.3.1/../../../../arm-none-eabi/lib/thumb/v7e-m+fp/hard\libc_nano.a(libc_a-nano-vfprintf.o)
                0x0800f554                __sfputs_r
 .text._vfprintf_r
                0x0800f578      0x230 C:/Program Files/STM32CubeIDE_1.19.0/STM32CubeIDE/plugins/com.st.stm32cube.ide.mcu.externaltools.gnu-tools-for-stm32.13.3.rel1.win32_1.0.0.202411081344/tools/bin/../lib/gcc/arm-none-eabi/13.3.1/../../../../arm-none-eabi/lib/thumb/v7e-m+fp/hard\libc_nano.a(libc_a-nano-vfprintf.o)
                0x0800f578                _vfprintf_r
                0x0800f578                _vfiprintf_r
 .text.__swbuf_r
                0x0800f7a8       0x7c C:/Program Files/STM32CubeIDE_1.19.0/STM32CubeIDE/plugins/com.st.stm32cube.ide.mcu.externaltools.gnu-tools-for-stm32.13.3.rel1.win32_1.0.0.202411081344/tools/bin/../lib/gcc/arm-none-eabi/13.3.1/../../../../arm-none-eabi/lib/thumb/v7e-m+fp/hard\libc_nano.a(libc_a-wbuf.o)
                0x0800f7a8                __swbuf_r
 .text.__swsetup_r
                0x0800f824       0xac C:/Program Files/STM32CubeIDE_1.19.0/STM32CubeIDE/plugins/com.st.stm32cube.ide.mcu.externaltools.gnu-tools-for-stm32.13.3.rel1.win32_1.0.0.202411081344/tools/bin/../lib/gcc/arm-none-eabi/13.3.1/../../../../arm-none-eabi/lib/thumb/v7e-m+fp/hard\libc_nano.a(libc_a-wsetup.o)
                0x0800f824                __swsetup_r
 .text._raise_r
                0x0800f8d0       0x50 C:/Program Files/STM32CubeIDE_1.19.0/STM32CubeIDE/plugins/com.st.stm32cube.ide.mcu.externaltools.gnu-tools-for-stm32.13.3.rel1.win32_1.0.0.202411081344/tools/bin/../lib/gcc/arm-none-eabi/13.3.1/../../../../arm-none-eabi/lib/thumb/v7e-m+fp/hard\libc_nano.a(libc_a-signal.o)
                0x0800f8d0                _raise_r
 .text.raise    0x0800f920       0x10 C:/Program Files/STM32CubeIDE_1.19.0/STM32CubeIDE/plugins/com.st.stm32cube.ide.mcu.externaltools.gnu-tools-for-stm32.13.3.rel1.win32_1.0.0.202411081344/tools/bin/../lib/gcc/arm-none-eabi/13.3.1/../../../../arm-none-eabi/lib/thumb/v7e-m+fp/hard\libc_nano.a(libc_a-signal.o)
                0x0800f920                raise
 .text._kill_r  0x0800f930       0x24 C:/Program Files/STM32CubeIDE_1.19.0/STM32CubeIDE/plugins/com.st.stm32cube.ide.mcu.externaltools.gnu-tools-for-stm32.13.3.rel1.win32_1.0.0.202411081344/tools/bin/../lib/gcc/arm-none-eabi/13.3.1/../../../../arm-none-eabi/lib/thumb/v7e-m+fp/hard\libc_nano.a(libc_a-signalr.o)
                0x0800f930                _kill_r
 .text._getpid_r
                0x0800f954        0x4 C:/Program Files/STM32CubeIDE_1.19.0/STM32CubeIDE/plugins/com.st.stm32cube.ide.mcu.externaltools.gnu-tools-for-stm32.13.3.rel1.win32_1.0.0.202411081344/tools/bin/../lib/gcc/arm-none-eabi/13.3.1/../../../../arm-none-eabi/lib/thumb/v7e-m+fp/hard\libc_nano.a(libc_a-signalr.o)
                0x0800f954                _getpid_r
 .text.__swhatbuf_r
                0x0800f958       0x4c C:/Program Files/STM32CubeIDE_1.19.0/STM32CubeIDE/plugins/com.st.stm32cube.ide.mcu.externaltools.gnu-tools-for-stm32.13.3.rel1.win32_1.0.0.202411081344/tools/bin/../lib/gcc/arm-none-eabi/13.3.1/../../../../arm-none-eabi/lib/thumb/v7e-m+fp/hard\libc_nano.a(libc_a-makebuf.o)
                0x0800f958                __swhatbuf_r
 .text.__smakebuf_r
                0x0800f9a4       0x78 C:/Program Files/STM32CubeIDE_1.19.0/STM32CubeIDE/plugins/com.st.stm32cube.ide.mcu.externaltools.gnu-tools-for-stm32.13.3.rel1.win32_1.0.0.202411081344/tools/bin/../lib/gcc/arm-none-eabi/13.3.1/../../../../arm-none-eabi/lib/thumb/v7e-m+fp/hard\libc_nano.a(libc_a-makebuf.o)
                0x0800f9a4                __smakebuf_r
 .text._fstat_r
                0x0800fa1c       0x24 C:/Program Files/STM32CubeIDE_1.19.0/STM32CubeIDE/plugins/com.st.stm32cube.ide.mcu.externaltools.gnu-tools-for-stm32.13.3.rel1.win32_1.0.0.202411081344/tools/bin/../lib/gcc/arm-none-eabi/13.3.1/../../../../arm-none-eabi/lib/thumb/v7e-m+fp/hard\libc_nano.a(libc_a-fstatr.o)
                0x0800fa1c                _fstat_r
 .text._isatty_r
                0x0800fa40       0x20 C:/Program Files/STM32CubeIDE_1.19.0/STM32CubeIDE/plugins/com.st.stm32cube.ide.mcu.externaltools.gnu-tools-for-stm32.13.3.rel1.win32_1.0.0.202411081344/tools/bin/../lib/gcc/arm-none-eabi/13.3.1/../../../../arm-none-eabi/lib/thumb/v7e-m+fp/hard\libc_nano.a(libc_a-isattyr.o)
                0x0800fa40                _isatty_r
 .text.atan2    0x0800fa60        0x4 C:/Program Files/STM32CubeIDE_1.19.0/STM32CubeIDE/plugins/com.st.stm32cube.ide.mcu.externaltools.gnu-tools-for-stm32.13.3.rel1.win32_1.0.0.202411081344/tools/bin/../lib/gcc/arm-none-eabi/13.3.1/../../../../arm-none-eabi/lib/thumb/v7e-m+fp/hard\libm.a(libm_a-w_atan2.o)
                0x0800fa60                atan2
 .text.sqrt     0x0800fa64       0x58 C:/Program Files/STM32CubeIDE_1.19.0/STM32CubeIDE/plugins/com.st.stm32cube.ide.mcu.externaltools.gnu-tools-for-stm32.13.3.rel1.win32_1.0.0.202411081344/tools/bin/../lib/gcc/arm-none-eabi/13.3.1/../../../../arm-none-eabi/lib/thumb/v7e-m+fp/hard\libm.a(libm_a-w_sqrt.o)
                0x0800fa64                sqrt
 .text.__ieee754_sqrt
                0x0800fabc      0x1ac C:/Program Files/STM32CubeIDE_1.19.0/STM32CubeIDE/plugins/com.st.stm32cube.ide.mcu.externaltools.gnu-tools-for-stm32.13.3.rel1.win32_1.0.0.202411081344/tools/bin/../lib/gcc/arm-none-eabi/13.3.1/../../../../arm-none-eabi/lib/thumb/v7e-m+fp/hard\libm.a(libm_a-e_sqrt.o)
                0x0800fabc                __ieee754_sqrt
 .text.__ieee754_atan2
                0x0800fc68      0x18c C:/Program Files/STM32CubeIDE_1.19.0/STM32CubeIDE/plugins/com.st.stm32cube.ide.mcu.externaltools.gnu-tools-for-stm32.13.3.rel1.win32_1.0.0.202411081344/tools/bin/../lib/gcc/arm-none-eabi/13.3.1/../../../../arm-none-eabi/lib/thumb/v7e-m+fp/hard\libm.a(libm_a-e_atan2.o)
                0x0800fc68                __ieee754_atan2
 *fill*         0x0800fdf4        0x4 
 .text.atan     0x0800fdf8      0x330 C:/Program Files/STM32CubeIDE_1.19.0/STM32CubeIDE/plugins/com.st.stm32cube.ide.mcu.externaltools.gnu-tools-for-stm32.13.3.rel1.win32_1.0.0.202411081344/tools/bin/../lib/gcc/arm-none-eabi/13.3.1/../../../../arm-none-eabi/lib/thumb/v7e-m+fp/hard\libm.a(libm_a-s_atan.o)
                0x0800fdf8                atan
 .text.fabs     0x08010128       0x10 C:/Program Files/STM32CubeIDE_1.19.0/STM32CubeIDE/plugins/com.st.stm32cube.ide.mcu.externaltools.gnu-tools-for-stm32.13.3.rel1.win32_1.0.0.202411081344/tools/bin/../lib/gcc/arm-none-eabi/13.3.1/../../../../arm-none-eabi/lib/thumb/v7e-m+fp/hard\libm.a(libm_a-s_fabs.o)
                0x08010128                fabs
 *(.glue_7)
 .glue_7        0x08010138        0x0 linker stubs
 *(.glue_7t)
 .glue_7t       0x08010138        0x0 linker stubs
 *(.eh_frame)