../Core/Src/main.c:82:6:HAL_TIM_PeriodElapsedCallback	1
../Core/Src/main.c:85:6:HAL_GPIO_EXTI_Callback	1
../Core/Src/main.c:97:6:DCMotor_Init	1
../Core/Src/main.c:111:6:DCMotor_Set_Speed	4
../Core/Src/main.c:116:6:DCMotor_Run	2
../Core/Src/main.c:138:5:main	1
../Core/Src/main.c:210:6:SystemClock_Config	3
../Core/Src/main.c:256:13:MX_TIM1_Init	4
../Core/Src/main.c:302:13:MX_TIM3_Init	6
../Core/Src/main.c:361:13:MX_TIM4_Init	6
../Core/Src/main.c:420:13:MX_GPIO_Init	1
../Core/Src/main.c:485:6:Error_Handler	1
