../Core/Src/main.c:122:6:USB_CDC_RxHandler	16	static
../Core/Src/main.c:126:6:HAL_GPIO_EXTI_Callback	16	static
../Core/Src/main.c:148:6:HAL_UART_RxCpltCallback	16	static
../Core/Src/main.c:179:6:CalculateAngle	8	static
../Core/Src/main.c:197:6:Balance	16	static
../Core/Src/main.c:226:5:main	128	static
../Core/Src/main.c:346:6:SystemClock_Config	88	static
../Core/Src/main.c:392:13:MX_I2C1_Init	8	static
../Core/Src/main.c:426:13:MX_TIM2_Init	32	static
../Core/Src/main.c:471:13:MX_TIM3_Init	64	static
../Core/Src/main.c:530:13:MX_TIM4_Init	64	static
../Core/Src/main.c:589:13:MX_USART3_UART_Init	8	static
../Core/Src/main.c:620:13:MX_DMA_Init	16	static
../Core/Src/main.c:638:13:MX_GPIO_Init	48	static
../Core/Src/main.c:722:6:StartTask01	16	static
../Core/Src/main.c:742:6:StartTask02	16	static
../Core/Src/main.c:760:6:StartTask03	16	static
../Core/Src/main.c:779:6:HAL_TIM_PeriodElapsedCallback	16	static
../Core/Src/main.c:801:6:Error_Handler	4	static,ignoring_inline_asm
