../Core/Src/main.c:115:6:USB_CDC_RxHandler	1
../Core/Src/main.c:119:6:HAL_GPIO_EXTI_Callback	4
../Core/Src/main.c:141:6:HAL_UART_RxCpltCallback	7
../Core/Src/main.c:170:6:CalculateAngle	3
../Core/Src/main.c:202:6:Balance	4
../Core/Src/main.c:231:5:main	5
../Core/Src/main.c:326:6:SystemClock_Config	3
../Core/Src/main.c:372:13:MX_I2C1_Init	2
../Core/Src/main.c:406:13:MX_TIM2_Init	4
../Core/Src/main.c:451:13:MX_TIM3_Init	6
../Core/Src/main.c:510:13:MX_TIM4_Init	6
../Core/Src/main.c:569:13:MX_USART3_UART_Init	2
../Core/Src/main.c:600:13:MX_DMA_Init	1
../Core/Src/main.c:618:13:MX_GPIO_Init	1
../Core/Src/main.c:710:6:HAL_TIM_PeriodElapsedCallback	4
../Core/Src/main.c:738:6:Error_Handler	1
