../Core/Src/main.c:96:6:USB_CDC_RxHandler	16	static
../Core/Src/main.c:100:6:HAL_GPIO_EXTI_Callback	16	static
../Core/Src/main.c:136:5:main	16	static
../Core/Src/main.c:209:6:SystemClock_Config	88	static
../Core/Src/main.c:255:13:MX_I2C1_Init	8	static
../Core/Src/main.c:289:13:MX_TIM2_Init	32	static
../Core/Src/main.c:334:13:MX_TIM3_Init	64	static
../Core/Src/main.c:393:13:MX_TIM4_Init	64	static
../Core/Src/main.c:450:13:MX_DMA_Init	16	static
../Core/Src/main.c:468:13:MX_GPIO_Init	48	static
../Core/Src/main.c:556:6:Error_Handler	4	static,ignoring_inline_asm
